******************************************************************************
             TMS320C2000 Linker PC v22.6.0                     
******************************************************************************
>> Linked Thu May  8 18:42:35 2025

OUTPUT FILE NAME:   <../Main_Firmware.out>
ENTRY POINT SYMBOL: "_c_int00"  address: 00083ea8


MEMORY CONFIGURATION

         name            origin    length      used     unused   attr    fill
----------------------  --------  ---------  --------  --------  ----  --------
PAGE 0:
  RAMM0                 000000f5   0000030b  00000000  0000030b  RWIX
  RAMLS_PROG            0000a000   00002000  000000bb  00001f45  RWIX
  RAMGS_PROG            00012000   00002000  00000000  00002000  RWIX
  BEGIN                 00080000   00000002  00000002  00000000  RWIX
  FLASH_BANK0_SEC0      00080002   0000fffe  000046b8  0000b946  RWIX
  FLASH_BANK1_SEC0      00090000   00010000  00000000  00010000  RWIX
  RESET                 003fffc0   00000002  00000000  00000002  RWIX

PAGE 1:
  BOOT_RSVD             00000002   000000f3  00000000  000000f3  RWIX
  RAMM1                 00000400   00000400  00000400  00000000  RWIX
  ADCARESULT            00000b00   00000018  00000018  00000000  RWIX
  ADCBRESULT            00000b20   00000018  00000018  00000000  RWIX
  ADCCRESULT            00000b40   00000018  00000018  00000000  RWIX
  CPU_TIMER0            00000c00   00000008  00000008  00000000  RWIX
  CPU_TIMER1            00000c08   00000008  00000008  00000000  RWIX
  CPU_TIMER2            00000c10   00000008  00000008  00000000  RWIX
  PIE_CTRL              00000ce0   00000020  0000001a  00000006  RWIX
  PIE_VECT              00000d00   00000200  000001c0  00000040  RWIX
  DMA                   00001000   00000200  000000e0  00000120  RWIX
  CLA1                  00001400   00000080  00000048  00000038  RWIX
  CLA1_MSGRAMLOW        00001480   00000080  00000000  00000080  RWIX
  CLA1_MSGRAMHIGH       00001500   00000080  00000000  00000080  RWIX
  CLB1LOGICCFG          00003000   00000052  00000050  00000002  RWIX
  CLB1LOGICCTRL         00003100   00000040  00000040  00000000  RWIX
  CLB1DATAEXCH          00003200   00000200  00000108  000000f8  RWIX
  CLB2LOGICCFG          00003400   00000052  00000050  00000002  RWIX
  CLB2LOGICCTRL         00003500   00000040  00000040  00000000  RWIX
  CLB2DATAEXCH          00003600   00000200  00000108  000000f8  RWIX
  CLB3LOGICCFG          00003800   00000052  00000050  00000002  RWIX
  CLB3LOGICCTRL         00003900   00000040  00000040  00000000  RWIX
  CLB3DATAEXCH          00003a00   00000200  00000108  000000f8  RWIX
  CLB4LOGICCFG          00003c00   00000052  00000050  00000002  RWIX
  CLB4LOGICCTRL         00003d00   00000040  00000040  00000000  RWIX
  CLB4DATAEXCH          00003e00   00000200  00000108  000000f8  RWIX
  EPWM1                 00004000   00000100  00000100  00000000  RWIX
  EPWM2                 00004100   00000100  00000100  00000000  RWIX
  EPWM3                 00004200   00000100  00000100  00000000  RWIX
  EPWM4                 00004300   00000100  00000100  00000000  RWIX
  EPWM5                 00004400   00000100  00000100  00000000  RWIX
  EPWM6                 00004500   00000100  00000100  00000000  RWIX
  EPWM7                 00004600   00000100  00000100  00000000  RWIX
  EPWM8                 00004700   00000100  00000100  00000000  RWIX
  EQEP1                 00005100   00000040  00000036  0000000a  RWIX
  EQEP2                 00005140   00000040  00000036  0000000a  RWIX
  ECAP1                 00005200   00000020  0000001a  00000006  RWIX
  ECAP2                 00005240   00000020  0000001a  00000006  RWIX
  ECAP3                 00005280   00000020  0000001a  00000006  RWIX
  ECAP4                 000052c0   00000020  0000001a  00000006  RWIX
  ECAP5                 00005300   00000020  0000001a  00000006  RWIX
  ECAP6                 00005340   00000020  0000001a  00000006  RWIX
  HRCAP6                00005360   00000020  00000016  0000000a  RWIX
  ECAP7                 00005380   00000020  0000001a  00000006  RWIX
  HRCAP7                000053a0   00000020  00000016  0000000a  RWIX
  PGA1                  00005b00   00000010  0000000a  00000006  RWIX
  PGA2                  00005b10   00000010  0000000a  00000006  RWIX
  PGA3                  00005b20   00000010  0000000a  00000006  RWIX
  PGA4                  00005b30   00000010  0000000a  00000006  RWIX
  PGA5                  00005b40   00000010  0000000a  00000006  RWIX
  PGA6                  00005b50   00000010  0000000a  00000006  RWIX
  PGA7                  00005b60   00000010  0000000a  00000006  RWIX
  DACA                  00005c00   00000010  00000007  00000009  RWIX
  DACB                  00005c10   00000010  00000007  00000009  RWIX
  CMPSS1                00005c80   00000020  0000001b  00000005  RWIX
  CMPSS2                00005ca0   00000020  0000001b  00000005  RWIX
  CMPSS3                00005cc0   00000020  0000001b  00000005  RWIX
  CMPSS4                00005ce0   00000020  0000001b  00000005  RWIX
  CMPSS5                00005d00   00000020  0000001b  00000005  RWIX
  CMPSS6                00005d20   00000020  0000001b  00000005  RWIX
  CMPSS7                00005d40   00000020  0000001b  00000005  RWIX
  SDFM1                 00005e00   00000080  00000050  00000030  RWIX
  SPIA                  00006100   00000010  00000010  00000000  RWIX
  SPIB                  00006110   00000010  00000010  00000000  RWIX
  CLAPROMCRC            000061c0   00000020  00000020  00000000  RWIX
  PMBUSA                00006400   00000020  0000001e  00000002  RWIX
  FSITXA                00006600   00000080  00000050  00000030  RWIX
  FSIRXA                00006680   00000080  00000050  00000030  RWIX
  LINA                  00006a00   00000100  000000ec  00000014  RWIX
  LINB                  00006b00   00000100  00000000  00000100  RWIX
  WD                    00007000   00000040  0000002b  00000015  RWIX
  NMIINTRUPT            00007060   00000010  00000007  00000009  RWIX
  XINT                  00007070   00000010  0000000b  00000005  RWIX
  SCIA                  00007200   00000010  00000010  00000000  RWIX
  SCIB                  00007210   00000010  00000010  00000000  RWIX
  I2CA                  00007300   00000040  00000022  0000001e  RWIX
  ADCA                  00007400   00000080  00000076  0000000a  RWIX
  ADCB                  00007480   00000080  00000076  0000000a  RWIX
  ADCC                  00007500   00000080  00000076  0000000a  RWIX
  INPUT_XBAR            00007900   00000020  00000020  00000000  RWIX
  XBAR                  00007920   00000020  00000010  00000010  RWIX
  SYNC_SOC              00007940   00000010  00000006  0000000a  RWIX
  DMACLASRCSEL          00007980   00000040  0000001a  00000026  RWIX
  EPWM_XBAR             00007a00   00000040  00000040  00000000  RWIX
  CLBXBAR               00007a40   00000040  00000040  00000000  RWIX
  OUTPUT_XBAR           00007a80   00000040  00000040  00000000  RWIX
  GPIOCTRL              00007c00   00000200  00000200  00000000  RWIX
  GPIODAT               00007f00   00000040  0000003a  00000006  RWIX
  RAMLS_DATA            00008000   00002000  00000000  00002000  RWIX
  RAMGS_DATA            0000c000   00008000  0000098b  00007675  RWIX
  CANA                  00048000   00000800  00000164  0000069c  RWIX
  CANB                  0004a000   00000800  00000164  0000069c  RWIX
  DEV_CFG               0005d000   00000180  00000132  0000004e  RWIX
  CLK_CFG               0005d200   00000100  00000034  000000cc  RWIX
  CPU_SYS               0005d300   00000100  00000082  0000007e  RWIX
  PERIPH_AC             0005d500   00000200  00000200  00000000  RWIX
  ANALOG_SUBSYS         0005d700   00000100  00000090  00000070  RWIX
  DCC0                  0005e700   00000040  0000002c  00000014  RWIX
  ERAD_GLOBAL           0005e800   00000013  0000000b  00000008  RWIX
  ERAD_HWBP1            0005e900   00000008  00000008  00000000  RWIX
  ERAD_HWBP2            0005e908   00000008  00000008  00000000  RWIX
  ERAD_HWBP3            0005e910   00000008  00000008  00000000  RWIX
  ERAD_HWBP4            0005e918   00000008  00000008  00000000  RWIX
  ERAD_HWBP5            0005e920   00000008  00000008  00000000  RWIX
  ERAD_HWBP6            0005e928   00000008  00000008  00000000  RWIX
  ERAD_HWBP7            0005e930   00000008  00000008  00000000  RWIX
  ERAD_HWBP8            0005e938   00000008  00000008  00000000  RWIX
  ERAD_CTR1             0005e980   00000010  0000000a  00000006  RWIX
  ERAD_CTR2             0005e990   00000010  0000000a  00000006  RWIX
  ERAD_CTR3             0005e9a0   00000010  0000000a  00000006  RWIX
  ERAD_CTR4             0005e9b0   00000010  0000000a  00000006  RWIX
  DCSM_BANK0_Z1         0005f000   00000030  00000022  0000000e  RWIX
  DCSM_BANK0_Z2         0005f040   00000030  00000022  0000000e  RWIX
  DCSM_COMMON           0005f070   00000010  00000010  00000000  RWIX
  DCSM_BANK1_Z1         0005f100   00000030  00000020  00000010  RWIX
  DCSM_BANK1_Z2         0005f140   00000030  00000020  00000010  RWIX
  MEMCFG                0005f400   00000080  00000076  0000000a  RWIX
  ACCESSPROTECTION      0005f4c0   00000040  0000002e  00000012  RWIX
  MEMORYERROR           0005f500   00000040  0000003a  00000006  RWIX
  FLASH0_CTRL           0005f800   00000300  00000182  0000017e  RWIX
  FLASH0_ECC            0005fb00   00000040  00000028  00000018  RWIX
  UID                   000703cc   00000010  00000010  00000000  RWIX


SECTION ALLOCATION MAP

 output                                  attributes/
section   page    origin      length       input sections
--------  ----  ----------  ----------   ----------------
codestart 
*          0    00080000    00000002     
                  00080000    00000002     f28004x_codestartbranch.obj (codestart)

ramfuncs   0    00080004    0000006c     RUN ADDR = 0000a000
                  00080004    00000043     rtiostream_serial_c28x.obj (ramfuncs:retain)
                  00080047    00000029     datamodify_xcp.obj (ramfuncs)

.cinit     0    000841e8    0000026d     
                  000841e8    0000010f     Main_Firmware_data.obj (.cinit)
                  000842f7    0000005b     xcp_ext_classic_trigger.obj (.cinit)
                  00084352    00000053     xcp_ext_common.obj (.cinit)
                  000843a5    0000001e     xcp_daq.obj (.cinit)
                  000843c3    00000014     xcp.obj (.cinit)
                  000843d7    00000014     xcp_frame_serial.obj (.cinit)
                  000843eb    0000000f     xcp_standard.obj (.cinit)
                  000843fa    0000000e     rts2800_fpu32.lib : exit.c.obj (.cinit)
                  00084408    00000009     xcp_mem_default.obj (.cinit:_xcpMemMainBlockSizes)
                  00084411    00000009     xcp_mem_default.obj (.cinit:_xcpMemMainBlocksNumber)
                  0008441a    00000008     ert_main.obj (.cinit)
                  00084422    00000008     xcp_drv_rtiostream.obj (.cinit)
                  0008442a    00000008     xcp_transport.obj (.cinit)
                  00084432    00000005     rts2800_fpu32.lib : _lock.c.obj (.cinit:__lock)
                  00084437    00000005                       : _lock.c.obj (.cinit:__unlock)
                  0008443c    00000005     xcp_ext_common.obj (.cinit:_xcpCurrentSimulationTimeInTicks)
                  00084441    00000005     rtiostream_serial_c28x.obj (.cinit)
                  00084446    00000005     xcp_calibration.obj (.cinit)
                  0008444b    00000004     MW_c28xGPIO.obj (.cinit)
                  0008444f    00000004     MW_c28xGlobalInterrupts.obj (.cinit)
                  00084453    00000002     --HOLE-- [fill = 0]

.switch    0    000846a4    00000020     
                  000846a4    00000020     xcp.obj (.switch:_genericOutputPacketHandler)

AdcaResultRegsFile 
*          1    00000b00    00000018     UNINITIALIZED
                  00000b00    00000018     f28004x_globalvariabledefs.obj (AdcaResultRegsFile)

AdcbResultRegsFile 
*          1    00000b20    00000018     UNINITIALIZED
                  00000b20    00000018     f28004x_globalvariabledefs.obj (AdcbResultRegsFile)

AdccResultRegsFile 
*          1    00000b40    00000018     UNINITIALIZED
                  00000b40    00000018     f28004x_globalvariabledefs.obj (AdccResultRegsFile)

CpuTimer0RegsFile 
*          1    00000c00    00000008     UNINITIALIZED
                  00000c00    00000008     f28004x_globalvariabledefs.obj (CpuTimer0RegsFile)

CpuTimer1RegsFile 
*          1    00000c08    00000008     UNINITIALIZED
                  00000c08    00000008     f28004x_globalvariabledefs.obj (CpuTimer1RegsFile)

CpuTimer2RegsFile 
*          1    00000c10    00000008     UNINITIALIZED
                  00000c10    00000008     f28004x_globalvariabledefs.obj (CpuTimer2RegsFile)

PieCtrlRegsFile 
*          1    00000ce0    0000001a     UNINITIALIZED
                  00000ce0    0000001a     f28004x_globalvariabledefs.obj (PieCtrlRegsFile)

PieVectTableFile 
*          1    00000d00    000001c0     UNINITIALIZED
                  00000d00    000001c0     f28004x_globalvariabledefs.obj (PieVectTableFile)

EmuKeyVar 
*          1    00000d00    00000000     UNINITIALIZED

EmuBModeVar 
*          1    00000d00    00000000     UNINITIALIZED

FlashCallbackVar 
*          1    00000d00    00000000     UNINITIALIZED

FlashScalingVar 
*          1    00000d00    00000000     UNINITIALIZED

DmaRegsFile 
*          1    00001000    000000e0     UNINITIALIZED
                  00001000    000000e0     f28004x_globalvariabledefs.obj (DmaRegsFile)

Cla1RegsFile 
*          1    00001400    00000048     UNINITIALIZED
                  00001400    00000048     f28004x_globalvariabledefs.obj (Cla1RegsFile)

Clb1LogicCfgRegsFile 
*          1    00003000    00000050     UNINITIALIZED
                  00003000    00000050     f28004x_globalvariabledefs.obj (Clb1LogicCfgRegsFile)

Clb1LogicCtrlRegsFile 
*          1    00003100    00000040     UNINITIALIZED
                  00003100    00000040     f28004x_globalvariabledefs.obj (Clb1LogicCtrlRegsFile)

Clb1DataExchRegsFile 
*          1    00003200    00000108     UNINITIALIZED
                  00003200    00000108     f28004x_globalvariabledefs.obj (Clb1DataExchRegsFile)

Clb2LogicCfgRegsFile 
*          1    00003400    00000050     UNINITIALIZED
                  00003400    00000050     f28004x_globalvariabledefs.obj (Clb2LogicCfgRegsFile)

Clb2LogicCtrlRegsFile 
*          1    00003500    00000040     UNINITIALIZED
                  00003500    00000040     f28004x_globalvariabledefs.obj (Clb2LogicCtrlRegsFile)

Clb2DataExchRegsFile 
*          1    00003600    00000108     UNINITIALIZED
                  00003600    00000108     f28004x_globalvariabledefs.obj (Clb2DataExchRegsFile)

Clb3LogicCfgRegsFile 
*          1    00003800    00000050     UNINITIALIZED
                  00003800    00000050     f28004x_globalvariabledefs.obj (Clb3LogicCfgRegsFile)

Clb3LogicCtrlRegsFile 
*          1    00003900    00000040     UNINITIALIZED
                  00003900    00000040     f28004x_globalvariabledefs.obj (Clb3LogicCtrlRegsFile)

Clb3DataExchRegsFile 
*          1    00003a00    00000108     UNINITIALIZED
                  00003a00    00000108     f28004x_globalvariabledefs.obj (Clb3DataExchRegsFile)

Clb4LogicCfgRegsFile 
*          1    00003c00    00000050     UNINITIALIZED
                  00003c00    00000050     f28004x_globalvariabledefs.obj (Clb4LogicCfgRegsFile)

Clb4LogicCtrlRegsFile 
*          1    00003d00    00000040     UNINITIALIZED
                  00003d00    00000040     f28004x_globalvariabledefs.obj (Clb4LogicCtrlRegsFile)

Clb4DataExchRegsFile 
*          1    00003e00    00000108     UNINITIALIZED
                  00003e00    00000108     f28004x_globalvariabledefs.obj (Clb4DataExchRegsFile)

EPwm1RegsFile 
*          1    00004000    00000100     UNINITIALIZED
                  00004000    00000100     f28004x_globalvariabledefs.obj (EPwm1RegsFile)

EPwm2RegsFile 
*          1    00004100    00000100     UNINITIALIZED
                  00004100    00000100     f28004x_globalvariabledefs.obj (EPwm2RegsFile)

EPwm3RegsFile 
*          1    00004200    00000100     UNINITIALIZED
                  00004200    00000100     f28004x_globalvariabledefs.obj (EPwm3RegsFile)

EPwm4RegsFile 
*          1    00004300    00000100     UNINITIALIZED
                  00004300    00000100     f28004x_globalvariabledefs.obj (EPwm4RegsFile)

EPwm5RegsFile 
*          1    00004400    00000100     UNINITIALIZED
                  00004400    00000100     f28004x_globalvariabledefs.obj (EPwm5RegsFile)

EPwm6RegsFile 
*          1    00004500    00000100     UNINITIALIZED
                  00004500    00000100     f28004x_globalvariabledefs.obj (EPwm6RegsFile)

EPwm7RegsFile 
*          1    00004600    00000100     UNINITIALIZED
                  00004600    00000100     f28004x_globalvariabledefs.obj (EPwm7RegsFile)

EPwm8RegsFile 
*          1    00004700    00000100     UNINITIALIZED
                  00004700    00000100     f28004x_globalvariabledefs.obj (EPwm8RegsFile)

EQep1RegsFile 
*          1    00005100    00000036     UNINITIALIZED
                  00005100    00000036     f28004x_globalvariabledefs.obj (EQep1RegsFile)

EQep2RegsFile 
*          1    00005140    00000036     UNINITIALIZED
                  00005140    00000036     f28004x_globalvariabledefs.obj (EQep2RegsFile)

ECap1RegsFile 
*          1    00005200    0000001a     UNINITIALIZED
                  00005200    0000001a     f28004x_globalvariabledefs.obj (ECap1RegsFile)

ECap2RegsFile 
*          1    00005240    0000001a     UNINITIALIZED
                  00005240    0000001a     f28004x_globalvariabledefs.obj (ECap2RegsFile)

ECap3RegsFile 
*          1    00005280    0000001a     UNINITIALIZED
                  00005280    0000001a     f28004x_globalvariabledefs.obj (ECap3RegsFile)

ECap4RegsFile 
*          1    000052c0    0000001a     UNINITIALIZED
                  000052c0    0000001a     f28004x_globalvariabledefs.obj (ECap4RegsFile)

ECap5RegsFile 
*          1    00005300    0000001a     UNINITIALIZED
                  00005300    0000001a     f28004x_globalvariabledefs.obj (ECap5RegsFile)

ECap6RegsFile 
*          1    00005340    0000001a     UNINITIALIZED
                  00005340    0000001a     f28004x_globalvariabledefs.obj (ECap6RegsFile)

HRCap6RegsFile 
*          1    00005360    00000016     UNINITIALIZED
                  00005360    00000016     f28004x_globalvariabledefs.obj (HRCap6RegsFile)

ECap7RegsFile 
*          1    00005380    0000001a     UNINITIALIZED
                  00005380    0000001a     f28004x_globalvariabledefs.obj (ECap7RegsFile)

HRCap7RegsFile 
*          1    000053a0    00000016     UNINITIALIZED
                  000053a0    00000016     f28004x_globalvariabledefs.obj (HRCap7RegsFile)

Pga1RegsFile 
*          1    00005b00    0000000a     UNINITIALIZED
                  00005b00    0000000a     f28004x_globalvariabledefs.obj (Pga1RegsFile)

Pga2RegsFile 
*          1    00005b10    0000000a     UNINITIALIZED
                  00005b10    0000000a     f28004x_globalvariabledefs.obj (Pga2RegsFile)

Pga3RegsFile 
*          1    00005b20    0000000a     UNINITIALIZED
                  00005b20    0000000a     f28004x_globalvariabledefs.obj (Pga3RegsFile)

Pga4RegsFile 
*          1    00005b30    0000000a     UNINITIALIZED
                  00005b30    0000000a     f28004x_globalvariabledefs.obj (Pga4RegsFile)

Pga5RegsFile 
*          1    00005b40    0000000a     UNINITIALIZED
                  00005b40    0000000a     f28004x_globalvariabledefs.obj (Pga5RegsFile)

Pga6RegsFile 
*          1    00005b50    0000000a     UNINITIALIZED
                  00005b50    0000000a     f28004x_globalvariabledefs.obj (Pga6RegsFile)

Pga7RegsFile 
*          1    00005b60    0000000a     UNINITIALIZED
                  00005b60    0000000a     f28004x_globalvariabledefs.obj (Pga7RegsFile)

DacaRegsFile 
*          1    00005c00    00000007     UNINITIALIZED
                  00005c00    00000007     f28004x_globalvariabledefs.obj (DacaRegsFile)

DacbRegsFile 
*          1    00005c10    00000007     UNINITIALIZED
                  00005c10    00000007     f28004x_globalvariabledefs.obj (DacbRegsFile)

Cmpss1RegsFile 
*          1    00005c80    0000001b     UNINITIALIZED
                  00005c80    0000001b     f28004x_globalvariabledefs.obj (Cmpss1RegsFile)

Cmpss2RegsFile 
*          1    00005ca0    0000001b     UNINITIALIZED
                  00005ca0    0000001b     f28004x_globalvariabledefs.obj (Cmpss2RegsFile)

Cmpss3RegsFile 
*          1    00005cc0    0000001b     UNINITIALIZED
                  00005cc0    0000001b     f28004x_globalvariabledefs.obj (Cmpss3RegsFile)

Cmpss4RegsFile 
*          1    00005ce0    0000001b     UNINITIALIZED
                  00005ce0    0000001b     f28004x_globalvariabledefs.obj (Cmpss4RegsFile)

Cmpss5RegsFile 
*          1    00005d00    0000001b     UNINITIALIZED
                  00005d00    0000001b     f28004x_globalvariabledefs.obj (Cmpss5RegsFile)

Cmpss6RegsFile 
*          1    00005d20    0000001b     UNINITIALIZED
                  00005d20    0000001b     f28004x_globalvariabledefs.obj (Cmpss6RegsFile)

Cmpss7RegsFile 
*          1    00005d40    0000001b     UNINITIALIZED
                  00005d40    0000001b     f28004x_globalvariabledefs.obj (Cmpss7RegsFile)

Sdfm1RegsFile 
*          1    00005e00    00000050     UNINITIALIZED
                  00005e00    00000050     f28004x_globalvariabledefs.obj (Sdfm1RegsFile)

SpiaRegsFile 
*          1    00006100    00000010     UNINITIALIZED
                  00006100    00000010     f28004x_globalvariabledefs.obj (SpiaRegsFile)

SpibRegsFile 
*          1    00006110    00000010     UNINITIALIZED
                  00006110    00000010     f28004x_globalvariabledefs.obj (SpibRegsFile)

FsiTxaRegsFile 
*          1    00006600    00000050     UNINITIALIZED
                  00006600    00000050     f28004x_globalvariabledefs.obj (FsiTxaRegsFile)

FsiRxaRegsFile 
*          1    00006680    00000050     UNINITIALIZED
                  00006680    00000050     f28004x_globalvariabledefs.obj (FsiRxaRegsFile)

LinaRegsFile 
*          1    00006a00    000000ec     UNINITIALIZED
                  00006a00    000000ec     f28004x_globalvariabledefs.obj (LinaRegsFile)

WdRegsFile 
*          1    00007000    0000002b     UNINITIALIZED
                  00007000    0000002b     f28004x_globalvariabledefs.obj (WdRegsFile)

NmiIntruptRegsFile 
*          1    00007060    00000007     UNINITIALIZED
                  00007060    00000007     f28004x_globalvariabledefs.obj (NmiIntruptRegsFile)

XintRegsFile 
*          1    00007070    0000000b     UNINITIALIZED
                  00007070    0000000b     f28004x_globalvariabledefs.obj (XintRegsFile)

I2caRegsFile 
*          1    00007300    00000022     UNINITIALIZED
                  00007300    00000022     f28004x_globalvariabledefs.obj (I2caRegsFile)

AdcaRegsFile 
*          1    00007400    00000076     UNINITIALIZED
                  00007400    00000076     f28004x_globalvariabledefs.obj (AdcaRegsFile)

AdcbRegsFile 
*          1    00007480    00000076     UNINITIALIZED
                  00007480    00000076     f28004x_globalvariabledefs.obj (AdcbRegsFile)

AdccRegsFile 
*          1    00007500    00000076     UNINITIALIZED
                  00007500    00000076     f28004x_globalvariabledefs.obj (AdccRegsFile)

InputXbarRegsFile 
*          1    00007900    00000020     UNINITIALIZED
                  00007900    00000020     f28004x_globalvariabledefs.obj (InputXbarRegsFile)

XbarRegsFile 
*          1    00007920    00000010     UNINITIALIZED
                  00007920    00000010     f28004x_globalvariabledefs.obj (XbarRegsFile)

SyncSocRegsFile 
*          1    00007940    00000006     UNINITIALIZED
                  00007940    00000006     f28004x_globalvariabledefs.obj (SyncSocRegsFile)

EPwmXbarRegsFile 
*          1    00007a00    00000040     UNINITIALIZED
                  00007a00    00000040     f28004x_globalvariabledefs.obj (EPwmXbarRegsFile)

OutputXbarRegsFile 
*          1    00007a80    00000040     UNINITIALIZED
                  00007a80    00000040     f28004x_globalvariabledefs.obj (OutputXbarRegsFile)

GpioCtrlRegsFile 
*          1    00007c00    00000200     UNINITIALIZED
                  00007c00    00000200     f28004x_globalvariabledefs.obj (GpioCtrlRegsFile)

GpioDataRegsFile 
*          1    00007f00    0000003a     UNINITIALIZED
                  00007f00    0000003a     f28004x_globalvariabledefs.obj (GpioDataRegsFile)

CanaRegsFile 
*          1    00048000    00000164     UNINITIALIZED
                  00048000    00000164     f28004x_globalvariabledefs.obj (CanaRegsFile)

CanbRegsFile 
*          1    0004a000    00000164     UNINITIALIZED
                  0004a000    00000164     f28004x_globalvariabledefs.obj (CanbRegsFile)

AnalogSubsysRegsFile 
*          1    0005d700    00000090     UNINITIALIZED
                  0005d700    00000090     f28004x_globalvariabledefs.obj (AnalogSubsysRegsFile)

Cla1SoftIntRegsFile 
*          1    00000ce0    00000000     DSECT

ClaPromCrc0RegsFile 
*          1    000061c0    00000020     UNINITIALIZED
                  000061c0    00000020     f28004x_globalvariabledefs.obj (ClaPromCrc0RegsFile)

CLBXbarRegsFile 
*          1    00007a40    00000040     UNINITIALIZED
                  00007a40    00000040     f28004x_globalvariabledefs.obj (CLBXbarRegsFile)

Dcc0RegsFile 
*          1    0005e700    0000002c     UNINITIALIZED
                  0005e700    0000002c     f28004x_globalvariabledefs.obj (Dcc0RegsFile)

EradGlobalRegsFile 
*          1    0005e800    0000000b     UNINITIALIZED
                  0005e800    0000000b     f28004x_globalvariabledefs.obj (EradGlobalRegsFile)

EradHWBP1RegsFile 
*          1    0005e900    00000008     UNINITIALIZED
                  0005e900    00000008     f28004x_globalvariabledefs.obj (EradHWBP1RegsFile)

EradHWBP2RegsFile 
*          1    0005e908    00000008     UNINITIALIZED
                  0005e908    00000008     f28004x_globalvariabledefs.obj (EradHWBP2RegsFile)

EradHWBP3RegsFile 
*          1    0005e910    00000008     UNINITIALIZED
                  0005e910    00000008     f28004x_globalvariabledefs.obj (EradHWBP3RegsFile)

EradHWBP4RegsFile 
*          1    0005e918    00000008     UNINITIALIZED
                  0005e918    00000008     f28004x_globalvariabledefs.obj (EradHWBP4RegsFile)

EradHWBP5RegsFile 
*          1    0005e920    00000008     UNINITIALIZED
                  0005e920    00000008     f28004x_globalvariabledefs.obj (EradHWBP5RegsFile)

EradHWBP6RegsFile 
*          1    0005e928    00000008     UNINITIALIZED
                  0005e928    00000008     f28004x_globalvariabledefs.obj (EradHWBP6RegsFile)

EradHWBP7RegsFile 
*          1    0005e930    00000008     UNINITIALIZED
                  0005e930    00000008     f28004x_globalvariabledefs.obj (EradHWBP7RegsFile)

EradHWBP8RegsFile 
*          1    0005e938    00000008     UNINITIALIZED
                  0005e938    00000008     f28004x_globalvariabledefs.obj (EradHWBP8RegsFile)

EradCounter1RegsFile 
*          1    0005e980    0000000a     UNINITIALIZED
                  0005e980    0000000a     f28004x_globalvariabledefs.obj (EradCounter1RegsFile)

EradCounter2RegsFile 
*          1    0005e990    0000000a     UNINITIALIZED
                  0005e990    0000000a     f28004x_globalvariabledefs.obj (EradCounter2RegsFile)

EradCounter3RegsFile 
*          1    0005e9a0    0000000a     UNINITIALIZED
                  0005e9a0    0000000a     f28004x_globalvariabledefs.obj (EradCounter3RegsFile)

EradCounter4RegsFile 
*          1    0005e9b0    0000000a     UNINITIALIZED
                  0005e9b0    0000000a     f28004x_globalvariabledefs.obj (EradCounter4RegsFile)

DcsmBank0Z1RegsFile 
*          1    0005f000    00000022     UNINITIALIZED
                  0005f000    00000022     f28004x_globalvariabledefs.obj (DcsmBank0Z1RegsFile)

DcsmBank0Z2RegsFile 
*          1    0005f040    00000022     UNINITIALIZED
                  0005f040    00000022     f28004x_globalvariabledefs.obj (DcsmBank0Z2RegsFile)

DcsmCommonRegsFile 
*          1    0005f070    00000010     UNINITIALIZED
                  0005f070    00000010     f28004x_globalvariabledefs.obj (DcsmCommonRegsFile)

DcsmBank1Z1RegsFile 
*          1    0005f100    00000020     UNINITIALIZED
                  0005f100    00000020     f28004x_globalvariabledefs.obj (DcsmBank1Z1RegsFile)

DcsmBank1Z2RegsFile 
*          1    0005f140    00000020     UNINITIALIZED
                  0005f140    00000020     f28004x_globalvariabledefs.obj (DcsmBank1Z2RegsFile)

Flash0CtrlRegsFile 
*          1    0005f800    00000182     UNINITIALIZED
                  0005f800    00000182     f28004x_globalvariabledefs.obj (Flash0CtrlRegsFile)

Flash0EccRegsFile 
*          1    0005fb00    00000028     UNINITIALIZED
                  0005fb00    00000028     f28004x_globalvariabledefs.obj (Flash0EccRegsFile)

MemCfgRegsFile 
*          1    0005f400    00000076     UNINITIALIZED
                  0005f400    00000076     f28004x_globalvariabledefs.obj (MemCfgRegsFile)

AccessProtectionRegsFile 
*          1    0005f4c0    0000002e     UNINITIALIZED
                  0005f4c0    0000002e     f28004x_globalvariabledefs.obj (AccessProtectionRegsFile)

MemoryErrorRegsFile 
*          1    0005f500    0000003a     UNINITIALIZED
                  0005f500    0000003a     f28004x_globalvariabledefs.obj (MemoryErrorRegsFile)

PmbusaRegsFile 
*          1    00006400    0000001e     UNINITIALIZED
                  00006400    0000001e     f28004x_globalvariabledefs.obj (PmbusaRegsFile)

SciaRegsFile 
*          1    00007200    00000010     UNINITIALIZED
                  00007200    00000010     f28004x_globalvariabledefs.obj (SciaRegsFile)

ScibRegsFile 
*          1    00007210    00000010     UNINITIALIZED
                  00007210    00000010     f28004x_globalvariabledefs.obj (ScibRegsFile)

DmaClaSrcSelRegsFile 
*          1    00007980    0000001a     UNINITIALIZED
                  00007980    0000001a     f28004x_globalvariabledefs.obj (DmaClaSrcSelRegsFile)

DevCfgRegsFile 
*          1    0005d000    00000132     UNINITIALIZED
                  0005d000    00000132     f28004x_globalvariabledefs.obj (DevCfgRegsFile)

ClkCfgRegsFile 
*          1    0005d200    00000034     UNINITIALIZED
                  0005d200    00000034     f28004x_globalvariabledefs.obj (ClkCfgRegsFile)

CpuSysRegsFile 
*          1    0005d300    00000082     UNINITIALIZED
                  0005d300    00000082     f28004x_globalvariabledefs.obj (CpuSysRegsFile)

SysPeriphAcRegsFile 
*          1    0005d500    00000200     UNINITIALIZED
                  0005d500    00000200     f28004x_globalvariabledefs.obj (SysPeriphAcRegsFile)

UidRegsFile 
*          1    000703cc    00000010     UNINITIALIZED
                  000703cc    00000010     f28004x_globalvariabledefs.obj (UidRegsFile)

.pinit     0    00080004    00000000     UNINITIALIZED

.econst    0    00084458    0000024a     
                  00084458    000001c0     f28004x_pievect.obj (.econst:_PieVectTableInit)
                  00084618    0000004e     xcp_daq.obj (.econst:_daqSupportedRxPacket)
                  00084666    0000002a     xcp_standard.obj (.econst:_standardSupportedRxPacket)
                  00084690    0000000c     xcp_calibration.obj (.econst:_calibrationSupportedRxPacket)
                  0008469c    00000004     Main_Firmware.obj (.econst)
                  000846a0    00000002     rtGetNaN.obj (.econst:_$P$T0$1)

.ebss      1    0000c000    0000098b     UNINITIALIZED
                  0000c000    000005c6     xcp_mem_default.obj (.ebss:_xcpMemReservedPoolsChunk)
                  0000c5c6    00000022     xcp_ext_common.obj (.ebss)
                  0000c5e8    00000018     f28004x_cputimers.obj (.ebss)
                  0000c600    0000010c     Main_Firmware_data.obj (.ebss)
                  0000c70c    0000001c     xcp_ext_classic_trigger.obj (.ebss)
                  0000c728    00000018     xcp_daq.obj (.ebss)
                  0000c740    000000c6     Main_Firmware.obj (.ebss)
                  0000c806    00000010     Main_Firmware.obj (.ebss:_systemRan$3)
                  0000c816    0000000c     rt_nonfinite.obj (.ebss)
                  0000c822    00000008     xcp.obj (.ebss:_groupPacketLookup)
                  0000c82a    00000008     xcp_transport.obj (.ebss:_txFifo)
                  0000c832    00000008     xcp_standard.obj (.ebss)
                  0000c83a    00000006     xcp_mem_default.obj (.ebss:_xcpMemMainBlockSizes)
                  0000c840    0000008f     xcp_mem_default.obj (.ebss:_xcpMemMainChunk)
                  0000c8cf    00000001     MW_c28xGPIO.obj (.ebss)
                  0000c8d0    00000006     xcp_mem_default.obj (.ebss:_xcpMemMainBlocksNumber)
                  0000c8d6    00000006     rts2800_fpu32.lib : exit.c.obj (.ebss)
                  0000c8dc    00000005     xcp.obj (.ebss)
                  0000c8e1    00000005     xcp_frame_serial.obj (.ebss)
                  0000c8e6    00000004     xcp_transport.obj (.ebss:_rxFifo)
                  0000c8ea    00000004     xcp_ext_common.obj (.ebss:_xcpCurrentSimulationTimeInTicks)
                  0000c8ee    00000004     xcp_ext_mode.obj (.ebss:_xcpCustomTriggerFunction)
                  0000c8f2    00000004     xcp_mem_default.obj (.ebss:_xcpMemCustomPoolDescriptors)
                  0000c8f6    00000004     ert_main.obj (.ebss)
                  0000c8fa    00000004     xcp_mem_default.obj (.ebss)
                  0000c8fe    00000002     rts2800_fpu32.lib : _lock.c.obj (.ebss:__lock)
                  0000c900    00000042     datamodify_xcp.obj (.ebss)
                  0000c942    0000003c     xcp_mem_default.obj (.ebss:_xcpMemPoolDescriptors)
                  0000c97e    00000002     rts2800_fpu32.lib : _lock.c.obj (.ebss:__unlock)
                  0000c980    00000004     xcp_transport.obj (.ebss)
                  0000c984    00000002     rtiostream_serial_c28x.obj (.ebss)
                  0000c986    00000002     xcp_calibration.obj (.ebss)
                  0000c988    00000002     xcp_drv_rtiostream.obj (.ebss)
                  0000c98a    00000001     MW_c28xGlobalInterrupts.obj (.ebss)

.TI.ramfunc 
*          0    00084198    0000004f     RUN ADDR = 0000a06c
                  00084198    00000047     f28004x_sysctrl.obj (.TI.ramfunc)
                  000841df    00000004     MW_f28004x_usdelay.obj (.TI.ramfunc)
                  000841e3    00000004     sysctl.obj (.TI.ramfunc)

.reset     0    003fffc0    00000002     DSECT
                  003fffc0    00000002     rts2800_fpu32.lib : boot28.asm.obj (.reset)

.stack     1    00000400    00000400     UNINITIALIZED
                  00000400    00000400     --HOLE--

.text      0    00080070    00004126     
                  00080070    00000c27     xcp_daq.obj (.text)
                  00080c97    00000bba     Main_Firmware.obj (.text)
                  00081851    000004b3     f28004x_defaultisr.obj (.text:retain)
                  00081d04    00000477     xcp_mem_default.obj (.text)
                  0008217b    000003bd     xcp.obj (.text)
                  00082538    000002ea     xcp_transport.obj (.text)
                  00082822    000002db     f28004x_sysctrl.obj (.text)
                  00082afd    0000022a     xcp_standard.obj (.text)
                  00082d27    00000212     xcp_frame_serial.obj (.text)
                  00082f39    000001e3     f28004x_gpio.obj (.text)
                  0008311c    000001ae     xcp_ext_classic_trigger.obj (.text)
                  000832ca    000001ad     c28004xBoard_Realtime_Support.obj (.text)
                  00083477    00000192     xcp_ext_common.obj (.text)
                  00083609    0000016f     xcp_ext_mode.obj (.text)
                  00083778    00000166     xcp_drv_rtiostream.obj (.text)
                  000838de    0000014f     rtiostream_serial_c28x.obj (.text)
                  00083a2d    000000d4     xcp_calibration.obj (.text)
                  00083b01    000000cb     ert_main.obj (.text)
                  00083bcc    000000b9     datamodify_xcp.obj (.text)
                  00083c85    00000092     rt_nonfinite.obj (.text)
                  00083d17    0000007c     f28004x_cputimers.obj (.text)
                  00083d93    0000005f     xcp_fifo.obj (.text)
                  00083df2    0000005c     MW_c28xx_board.obj (.text)
                  00083e4e    0000005a     xcp_utils.obj (.text)
                  00083ea8    00000056     rts2800_fpu32.lib : boot28.asm.obj (.text)
                  00083efe    0000004d     c28004xSchedulerTimer0.obj (.text)
                  00083f4b    00000047     MW_c28xx_pwm.obj (.text)
                  00083f92    00000044     c28004xSchedulerTimer0.obj (.text:retain)
                  00083fd6    00000044     rtGetInf.obj (.text)
                  0008401a    00000031     MW_c28xGPIO.obj (.text)
                  0008404b    0000002a     rtGetNaN.obj (.text)
                  00084075    00000029     rts2800_fpu32.lib : exit.c.obj (.text)
                  0008409e    00000028     f28004x_piectrl.obj (.text)
                  000840c6    00000025     f28004x_pievect.obj (.text)
                  000840eb    00000024     rts2800_fpu32.lib : cpy_tbl.c.obj (.text)
                  0008410f    0000001f     xcp_ext_param_default_serial.obj (.text)
                  0008412e    0000001d     rts2800_fpu32.lib : memcpy.c.obj (.text)
                  0008414b    00000012     MW_c28xGlobalInterrupts.obj (.text)
                  0008415d    00000012     rts2800_fpu32.lib : args_main.c.obj (.text)
                  0008416f    0000000b                       : u_div28.asm.obj (.text)
                  0008417a    00000009                       : _lock.c.obj (.text)
                  00084183    00000008     f28004x_codestartbranch.obj (.text)
                  0008418b    00000007     rts2800_fpu32.lib : memset.c.obj (.text)
                  00084192    00000002                       : pre_init.c.obj (.text)
                  00084194    00000001     MW_c28xx_overrun.obj (.text)
                  00084195    00000001     rts2800_fpu32.lib : startup.c.obj (.text)

MODULE SUMMARY

       Module                              code    initialized data   uninitialized data
       ------                              ----    ----------------   ------------------
    <current directory>
       f28004x_globalvariabledefs.obj      0       0                  9873              
       xcp_daq.obj                         3111    108                24                
       Main_Firmware.obj                   3002    4                  214               
       xcp_mem_default.obj                 1143    18                 1701              
       f28004x_defaultisr.obj              1203    0                  0                 
       xcp.obj                             957     52                 13                
       f28004x_sysctrl.obj                 873     0                  0                 
       xcp_transport.obj                   746     8                  16                
       xcp_standard.obj                    554     57                 8                 
       xcp_frame_serial.obj                530     20                 5                 
       xcp_ext_classic_trigger.obj         430     91                 28                
       Main_Firmware_data.obj              0       271                268               
       xcp_ext_common.obj                  402     88                 38                
       f28004x_pievect.obj                 37      448                0                 
       f28004x_gpio.obj                    483     0                  0                 
       rtiostream_serial_c28x.obj          469     5                  2                 
       c28004xBoard_Realtime_Support.obj   429     0                  0                 
       xcp_ext_mode.obj                    367     0                  4                 
       xcp_drv_rtiostream.obj              358     8                  2                 
       datamodify_xcp.obj                  267     0                  66                
       xcp_calibration.obj                 212     17                 2                 
       ert_main.obj                        203     8                  4                 
       rt_nonfinite.obj                    146     0                  12                
       f28004x_cputimers.obj               124     0                  24                
       c28004xSchedulerTimer0.obj          145     0                  0                 
       xcp_fifo.obj                        95      0                  0                 
       MW_c28xx_board.obj                  92      0                  0                 
       xcp_utils.obj                       90      0                  0                 
       MW_c28xx_pwm.obj                    71      0                  0                 
       rtGetInf.obj                        68      0                  0                 
       MW_c28xGPIO.obj                     49      4                  1                 
       rtGetNaN.obj                        42      2                  0                 
       f28004x_piectrl.obj                 40      0                  0                 
       xcp_ext_param_default_serial.obj    31      0                  0                 
       MW_c28xGlobalInterrupts.obj         18      4                  1                 
       f28004x_codestartbranch.obj         10      0                  0                 
       MW_f28004x_usdelay.obj              8       0                  0                 
       sysctl.obj                          8       0                  0                 
       MW_c28xx_overrun.obj                1       0                  0                 
    +--+-----------------------------------+-------+------------------+--------------------+
       Total:                              16814   1213               12306             
                                                                                        
    C:/PROGRA~3/MATLAB/tic2000/3P778C~1.INS/TIC28X~1.INS/TI-CGT~1.LTS/lib/rts2800_fpu32.lib
       boot28.asm.obj                      86      0                  0                 
       exit.c.obj                          41      14                 6                 
       cpy_tbl.c.obj                       36      0                  0                 
       memcpy.c.obj                        29      0                  0                 
       _lock.c.obj                         9       10                 4                 
       args_main.c.obj                     18      0                  0                 
       u_div28.asm.obj                     11      0                  0                 
       memset.c.obj                        7       0                  0                 
       pre_init.c.obj                      2       0                  0                 
       startup.c.obj                       1       0                  0                 
    +--+-----------------------------------+-------+------------------+--------------------+
       Total:                              240     24                 10                
                                                                                        
       Stack:                              0       0                  1024              
    +--+-----------------------------------+-------+------------------+--------------------+
       Grand Total:                        17054   1237               13340             


GLOBAL DATA SYMBOLS: SORTED BY DATA PAGE

address     data page           name
--------    ----------------    ----
00000400      10 (00000400)     __stack

00000b00      2c (00000b00)     _AdcaResultRegs
00000b20      2c (00000b00)     _AdcbResultRegs

00000b40      2d (00000b40)     _AdccResultRegs

00000c00      30 (00000c00)     _CpuTimer0Regs
00000c08      30 (00000c00)     _CpuTimer1Regs
00000c10      30 (00000c00)     _CpuTimer2Regs

00000ce0      33 (00000cc0)     _PieCtrlRegs

00000d00      34 (00000d00)     _PieVectTable

00001000      40 (00001000)     _DmaRegs

00001400      50 (00001400)     _Cla1Regs

00003000      c0 (00003000)     _Clb1LogicCfgRegs

00003100      c4 (00003100)     _Clb1LogicCtrlRegs

00003200      c8 (00003200)     _Clb1DataExchRegs

00003400      d0 (00003400)     _Clb2LogicCfgRegs

00003500      d4 (00003500)     _Clb2LogicCtrlRegs

00003600      d8 (00003600)     _Clb2DataExchRegs

00003800      e0 (00003800)     _Clb3LogicCfgRegs

00003900      e4 (00003900)     _Clb3LogicCtrlRegs

00003a00      e8 (00003a00)     _Clb3DataExchRegs

00003c00      f0 (00003c00)     _Clb4LogicCfgRegs

00003d00      f4 (00003d00)     _Clb4LogicCtrlRegs

00003e00      f8 (00003e00)     _Clb4DataExchRegs

00004000     100 (00004000)     _EPwm1Regs

00004100     104 (00004100)     _EPwm2Regs

00004200     108 (00004200)     _EPwm3Regs

00004300     10c (00004300)     _EPwm4Regs

00004400     110 (00004400)     _EPwm5Regs

00004500     114 (00004500)     _EPwm6Regs

00004600     118 (00004600)     _EPwm7Regs

00004700     11c (00004700)     _EPwm8Regs

00005100     144 (00005100)     _EQep1Regs

00005140     145 (00005140)     _EQep2Regs

00005200     148 (00005200)     _ECap1Regs

00005240     149 (00005240)     _ECap2Regs

00005280     14a (00005280)     _ECap3Regs

000052c0     14b (000052c0)     _ECap4Regs

00005300     14c (00005300)     _ECap5Regs

00005340     14d (00005340)     _ECap6Regs
00005360     14d (00005340)     _HRCap6Regs

00005380     14e (00005380)     _ECap7Regs
000053a0     14e (00005380)     _HRCap7Regs

00005b00     16c (00005b00)     _Pga1Regs
00005b10     16c (00005b00)     _Pga2Regs
00005b20     16c (00005b00)     _Pga3Regs
00005b30     16c (00005b00)     _Pga4Regs

00005b40     16d (00005b40)     _Pga5Regs
00005b50     16d (00005b40)     _Pga6Regs
00005b60     16d (00005b40)     _Pga7Regs

00005c00     170 (00005c00)     _DacaRegs
00005c10     170 (00005c00)     _DacbRegs

00005c80     172 (00005c80)     _Cmpss1Regs
00005ca0     172 (00005c80)     _Cmpss2Regs

00005cc0     173 (00005cc0)     _Cmpss3Regs
00005ce0     173 (00005cc0)     _Cmpss4Regs

00005d00     174 (00005d00)     _Cmpss5Regs
00005d20     174 (00005d00)     _Cmpss6Regs

00005d40     175 (00005d40)     _Cmpss7Regs

00005e00     178 (00005e00)     _Sdfm1Regs

00006100     184 (00006100)     _SpiaRegs
00006110     184 (00006100)     _SpibRegs

000061c0     187 (000061c0)     _ClaPromCrc0Regs

00006400     190 (00006400)     _PmbusaRegs

00006600     198 (00006600)     _FsiTxaRegs

00006680     19a (00006680)     _FsiRxaRegs

00006a00     1a8 (00006a00)     _LinaRegs

00007000     1c0 (00007000)     _WdRegs

00007060     1c1 (00007040)     _NmiIntruptRegs
00007070     1c1 (00007040)     _XintRegs

00007200     1c8 (00007200)     _SciaRegs
00007210     1c8 (00007200)     _ScibRegs

00007300     1cc (00007300)     _I2caRegs

00007400     1d0 (00007400)     _AdcaRegs

00007480     1d2 (00007480)     _AdcbRegs

00007500     1d4 (00007500)     _AdccRegs

00007900     1e4 (00007900)     _InputXbarRegs
00007920     1e4 (00007900)     _XbarRegs

00007940     1e5 (00007940)     _SyncSocRegs

00007980     1e6 (00007980)     _DmaClaSrcSelRegs

00007a00     1e8 (00007a00)     _EPwmXbarRegs

00007a40     1e9 (00007a40)     _CLBXbarRegs

00007a80     1ea (00007a80)     _OutputXbarRegs

00007c00     1f0 (00007c00)     _GpioCtrlRegs

00007f00     1fc (00007f00)     _GpioDataRegs

0000c5c6     317 (0000c5c0)     _xcpModelStartRequest
0000c5c7     317 (0000c5c0)     _xcpModelStopRequest
0000c5c8     317 (0000c5c0)     _xcpModelStatus
0000c5c9     317 (0000c5c0)     _xcpExtmodeSimulationComplete
0000c5cc     317 (0000c5c0)     _xcpModelChecksum0
0000c5ce     317 (0000c5c0)     _xcpModelChecksum1
0000c5d0     317 (0000c5c0)     _xcpModelChecksum2
0000c5d2     317 (0000c5c0)     _xcpModelChecksum3
0000c5d4     317 (0000c5c0)     _xcpModelIntegerCode
0000c5d6     317 (0000c5c0)     _xcpExtmodeFinalSimulationTime
0000c5d8     317 (0000c5c0)     _xcpDummyDoubleVariable
0000c5e4     317 (0000c5c0)     _xcpDummyUint64Variable
0000c5e8     317 (0000c5c0)     _CpuTimer0
0000c5f0     317 (0000c5c0)     _CpuTimer1
0000c5f8     317 (0000c5c0)     _CpuTimer2

0000c600     318 (0000c600)     _Main_Firmware_P

0000c70c     31c (0000c700)     _xcpClassicTriggerEventId
0000c70d     31c (0000c700)     _xcpClassicTriggerSignalAddressExtension
0000c70e     31c (0000c700)     _xcpClassicTriggerDirection
0000c70f     31c (0000c700)     _xcpClassicTriggerArmRequest
0000c710     31c (0000c700)     _xcpClassicTriggerCancelRequest
0000c711     31c (0000c700)     _xcpClassicTriggerSource
0000c712     31c (0000c700)     _xcpClassicTriggerMode
0000c713     31c (0000c700)     _xcpClassicTriggerStatus
0000c71a     31c (0000c700)     _xcpClassicTriggerSignalAddress
0000c71c     31c (0000c700)     _xcpClassicTriggerLevel
0000c71e     31c (0000c700)     _xcpClassicTriggerDuration
0000c720     31c (0000c700)     _xcpClassicTriggerHoldOff
0000c722     31c (0000c700)     _xcpClassicTriggerDelay

0000c780     31e (0000c780)     _Main_Firmware_DW

0000c7c0     31f (0000c7c0)     _Main_Firmware_B

0000c816     320 (0000c800)     _rtInf
0000c818     320 (0000c800)     _rtMinusInf
0000c81a     320 (0000c800)     _rtNaN
0000c81c     320 (0000c800)     _rtInfF
0000c81e     320 (0000c800)     _rtMinusInfF
0000c820     320 (0000c800)     _rtNaNF

0000c8cf     323 (0000c8c0)     _GPIO_oneTimeInit
0000c8d6     323 (0000c8c0)     ___TI_enable_exit_profile_output
0000c8d8     323 (0000c8c0)     ___TI_cleanup_ptr
0000c8da     323 (0000c8c0)     ___TI_dtors_ptr
0000c8ea     323 (0000c8c0)     _xcpCurrentSimulationTimeInTicks
0000c8f6     323 (0000c8c0)     _IsrOverrun
0000c8f8     323 (0000c8c0)     _stopRequested
0000c8f9     323 (0000c8c0)     _runModel
0000c8fe     323 (0000c8c0)     __lock

0000c900     324 (0000c900)     _queRx

0000c97e     325 (0000c940)     __unlock

0000c984     326 (0000c980)     _MW_SCI_PTR
0000c98a     326 (0000c980)     _MW_InterruptDisableLock

00048000    1200 (00048000)     _CanaRegs

0004a000    1280 (0004a000)     _CanbRegs

0005d000    1740 (0005d000)     _DevCfgRegs

0005d200    1748 (0005d200)     _ClkCfgRegs

0005d300    174c (0005d300)     _CpuSysRegs

0005d500    1754 (0005d500)     _SysPeriphAcRegs

0005d700    175c (0005d700)     _AnalogSubsysRegs

0005e700    179c (0005e700)     _Dcc0Regs

0005e800    17a0 (0005e800)     _EradGlobalRegs

0005e900    17a4 (0005e900)     _EradHWBP1Regs
0005e908    17a4 (0005e900)     _EradHWBP2Regs
0005e910    17a4 (0005e900)     _EradHWBP3Regs
0005e918    17a4 (0005e900)     _EradHWBP4Regs
0005e920    17a4 (0005e900)     _EradHWBP5Regs
0005e928    17a4 (0005e900)     _EradHWBP6Regs
0005e930    17a4 (0005e900)     _EradHWBP7Regs
0005e938    17a4 (0005e900)     _EradHWBP8Regs

0005e980    17a6 (0005e980)     _EradCounter1Regs
0005e990    17a6 (0005e980)     _EradCounter2Regs
0005e9a0    17a6 (0005e980)     _EradCounter3Regs
0005e9b0    17a6 (0005e980)     _EradCounter4Regs

0005f000    17c0 (0005f000)     _DcsmBank0Z1Regs

0005f040    17c1 (0005f040)     _DcsmBank0Z2Regs
0005f070    17c1 (0005f040)     _DcsmCommonRegs

0005f100    17c4 (0005f100)     _DcsmBank1Z1Regs

0005f140    17c5 (0005f140)     _DcsmBank1Z2Regs

0005f400    17d0 (0005f400)     _MemCfgRegs

0005f4c0    17d3 (0005f4c0)     _AccessProtectionRegs

0005f500    17d4 (0005f500)     _MemoryErrorRegs

0005f800    17e0 (0005f800)     _Flash0CtrlRegs

0005fb00    17ec (0005fb00)     _Flash0EccRegs

000703cc    1c0f (000703c0)     _UidRegs

00084458    2111 (00084440)     _PieVectTableInit

0008469e    211a (00084680)     _Main_Firmware_M


GLOBAL SYMBOLS: SORTED ALPHABETICALLY BY Name 

page  address   name                                            
----  -------   ----                                            
abs   ffffffff  .text                                           
0     00084075  C$$EXIT                                         
0     0008416f  U$$DIV                                          
0     00084174  U$$MOD                                          
0     0008190f  _ADCA1_ISR                                      
0     00081b35  _ADCA2_ISR                                      
0     00081b3f  _ADCA3_ISR                                      
0     00081b49  _ADCA4_ISR                                      
0     00081b2b  _ADCA_EVT_ISR                                   
0     00081919  _ADCB1_ISR                                      
0     00081b5d  _ADCB2_ISR                                      
0     00081b67  _ADCB3_ISR                                      
0     00081b71  _ADCB4_ISR                                      
0     00081b53  _ADCB_EVT_ISR                                   
0     00081923  _ADCC1_ISR                                      
0     00081c89  _ADCC2_ISR                                      
0     00081c93  _ADCC3_ISR                                      
0     00081c9d  _ADCC4_ISR                                      
0     00081c7f  _ADCC_EVT_ISR                                   
1     0005f4c0  _AccessProtectionRegs                           
1     00007400  _AdcaRegs                                       
1     00000b00  _AdcaResultRegs                                 
1     00007480  _AdcbRegs                                       
1     00000b20  _AdcbResultRegs                                 
1     00007500  _AdccRegs                                       
1     00000b40  _AdccResultRegs                                 
1     0005d700  _AnalogSubsysRegs                               
0     00083c15  _BytePacker16bits                               
0     00083bef  _BytePacker32bits                               
0     00083bcc  _BytePackerInplace32bits                        
0     00081b03  _CANA0_ISR                                      
0     00081b0d  _CANA1_ISR                                      
0     00081b17  _CANB0_ISR                                      
0     00081b21  _CANB1_ISR                                      
0     00081c57  _CLA1PROMCRC_ISR                                
0     00081b7b  _CLA1_1_ISR                                     
0     00081b85  _CLA1_2_ISR                                     
0     00081b8f  _CLA1_3_ISR                                     
0     00081b99  _CLA1_4_ISR                                     
0     00081ba3  _CLA1_5_ISR                                     
0     00081bad  _CLA1_6_ISR                                     
0     00081bb7  _CLA1_7_ISR                                     
0     00081bc1  _CLA1_8_ISR                                     
0     00081ccf  _CLA_OVERFLOW_ISR                               
0     00081cd9  _CLA_UNDERFLOW_ISR                              
1     00007a40  _CLBXbarRegs                                    
1     00048000  _CanaRegs                                       
1     0004a000  _CanbRegs                                       
1     00001400  _Cla1Regs                                       
0     00080070  _Cla1funcsLoadEnd                               
1     000061c0  _ClaPromCrc0Regs                                
1     00003200  _Clb1DataExchRegs                               
1     00003000  _Clb1LogicCfgRegs                               
1     00003100  _Clb1LogicCtrlRegs                              
1     00003600  _Clb2DataExchRegs                               
1     00003400  _Clb2LogicCfgRegs                               
1     00003500  _Clb2LogicCtrlRegs                              
1     00003a00  _Clb3DataExchRegs                               
1     00003800  _Clb3LogicCfgRegs                               
1     00003900  _Clb3LogicCtrlRegs                              
1     00003e00  _Clb4DataExchRegs                               
1     00003c00  _Clb4LogicCfgRegs                               
1     00003d00  _Clb4LogicCtrlRegs                              
1     0005d200  _ClkCfgRegs                                     
1     00005c80  _Cmpss1Regs                                     
1     00005ca0  _Cmpss2Regs                                     
1     00005cc0  _Cmpss3Regs                                     
1     00005ce0  _Cmpss4Regs                                     
1     00005d00  _Cmpss5Regs                                     
1     00005d20  _Cmpss6Regs                                     
1     00005d40  _Cmpss7Regs                                     
0     00083d58  _ConfigCpuTimer                                 
1     0005d300  _CpuSysRegs                                     
1     0000c5e8  _CpuTimer0                                      
1     00000c00  _CpuTimer0Regs                                  
1     0000c5f0  _CpuTimer1                                      
1     00000c08  _CpuTimer1Regs                                  
1     0000c5f8  _CpuTimer2                                      
1     00000c10  _CpuTimer2Regs                                  
0     000829ac  _CsmUnlock                                      
0     00081865  _DATALOG_ISR                                    
0     00081a8b  _DMA_CH1_ISR                                    
0     00081a95  _DMA_CH2_ISR                                    
0     00081a9f  _DMA_CH3_ISR                                    
0     00081aa9  _DMA_CH4_ISR                                    
0     00081ab3  _DMA_CH5_ISR                                    
0     00081abd  _DMA_CH6_ISR                                    
1     00005c00  _DacaRegs                                       
1     00005c10  _DacbRegs                                       
1     0005e700  _Dcc0Regs                                       
1     0005f000  _DcsmBank0Z1Regs                                
1     0005f040  _DcsmBank0Z2Regs                                
1     0005f100  _DcsmBank1Z1Regs                                
1     0005f140  _DcsmBank1Z2Regs                                
1     0005f070  _DcsmCommonRegs                                 
1     0005d000  _DevCfgRegs                                     
0     000828cd  _DisableDog                                     
0     000828a7  _DisablePeripheralClocks                        
1     00007980  _DmaClaSrcSelRegs                               
1     00001000  _DmaRegs                                        
0     000819f5  _ECAP1_ISR                                      
0     000819ff  _ECAP2_ISR                                      
0     00081a09  _ECAP3_ISR                                      
0     00081a13  _ECAP4_ISR                                      
0     00081a1d  _ECAP5_ISR                                      
0     00081a3b  _ECAP6_2_ISR                                    
0     00081a27  _ECAP6_ISR                                      
0     00081a45  _ECAP7_2_ISR                                    
0     00081a31  _ECAP7_ISR                                      
1     00005200  _ECap1Regs                                      
1     00005240  _ECap2Regs                                      
1     00005280  _ECap3Regs                                      
1     000052c0  _ECap4Regs                                      
1     00005300  _ECap5Regs                                      
1     00005340  _ECap6Regs                                      
1     00005380  _ECap7Regs                                      
0     00081ced  _EMPTY_ISR                                      
0     00081879  _EMU_ISR                                        
0     000819a5  _EPWM1_ISR                                      
0     00081955  _EPWM1_TZ_ISR                                   
0     000819af  _EPWM2_ISR                                      
0     0008195f  _EPWM2_TZ_ISR                                   
0     000819b9  _EPWM3_ISR                                      
0     00081969  _EPWM3_TZ_ISR                                   
0     000819c3  _EPWM4_ISR                                      
0     00081973  _EPWM4_TZ_ISR                                   
0     000819cd  _EPWM5_ISR                                      
0     0008197d  _EPWM5_TZ_ISR                                   
0     000819d7  _EPWM6_ISR                                      
0     00081987  _EPWM6_TZ_ISR                                   
0     000819e1  _EPWM7_ISR                                      
0     00081991  _EPWM7_TZ_ISR                                   
0     000819eb  _EPWM8_ISR                                      
0     0008199b  _EPWM8_TZ_ISR                                   
1     00004000  _EPwm1Regs                                      
1     00004100  _EPwm2Regs                                      
1     00004200  _EPwm3Regs                                      
1     00004300  _EPwm4Regs                                      
1     00004400  _EPwm5Regs                                      
1     00004500  _EPwm6Regs                                      
1     00004600  _EPwm7Regs                                      
1     00004700  _EPwm8Regs                                      
1     00007a00  _EPwmXbarRegs                                   
0     00081a4f  _EQEP1_ISR                                      
0     00081a59  _EQEP2_ISR                                      
1     00005100  _EQep1Regs                                      
1     00005140  _EQep2Regs                                      
0     000840bd  _EnableInterrupts                               
1     0005e980  _EradCounter1Regs                               
1     0005e990  _EradCounter2Regs                               
1     0005e9a0  _EradCounter3Regs                               
1     0005e9b0  _EradCounter4Regs                               
1     0005e800  _EradGlobalRegs                                 
1     0005e900  _EradHWBP1Regs                                  
1     0005e908  _EradHWBP2Regs                                  
1     0005e910  _EradHWBP3Regs                                  
1     0005e918  _EradHWBP4Regs                                  
1     0005e920  _EradHWBP5Regs                                  
1     0005e928  _EradHWBP6Regs                                  
1     0005e930  _EradHWBP7Regs                                  
1     0005e938  _EradHWBP8Regs                                  
0     0000a0b3  _F28x_usDelay                                   
0     00081cb1  _FLASH_CORRECTABLE_ERROR_ISR                    
0     00081be9  _FPU_OVERFLOW_ISR                               
0     00081bf3  _FPU_UNDERFLOW_ISR                              
0     00081c43  _FSIRXA1_ISR                                    
0     00081c4d  _FSIRXA2_ISR                                    
0     00081c2f  _FSITXA1_ISR                                    
0     00081c39  _FSITXA2_ISR                                    
1     0005f800  _Flash0CtrlRegs                                 
1     0005fb00  _Flash0EccRegs                                  
0     0000a0a8  _FlashOff                                       
1     00006680  _FsiRxaRegs                                     
1     00006600  _FsiTxaRegs                                     
0     000830e7  _GPIO_ReadPin                                   
0     00083092  _GPIO_SetupLock                                 
0     00082f76  _GPIO_SetupPinMux                               
0     00083000  _GPIO_SetupPinOptions                           
0     000830ba  _GPIO_SetupXINT1Gpio                            
0     000830c3  _GPIO_SetupXINT2Gpio                            
0     000830cc  _GPIO_SetupXINT3Gpio                            
0     000830d5  _GPIO_SetupXINT4Gpio                            
0     000830de  _GPIO_SetupXINT5Gpio                            
0     00084025  _GPIO_TogglePin                                 
0     000830fe  _GPIO_WritePin                                  
1     0000c8cf  _GPIO_oneTimeInit                               
1     00007c00  _GpioCtrlRegs                                   
1     00007f00  _GpioDataRegs                                   
0     00082a3e  _HALT                                           
1     00005360  _HRCap6Regs                                     
1     000053a0  _HRCap7Regs                                     
0     00081ad1  _I2CA_FIFO_ISR                                  
0     00081ac7  _I2CA_ISR                                       
1     00007300  _I2caRegs                                       
0     00082a35  _IDLE                                           
0     0008188d  _ILLEGAL_ISR                                    
0     00083d17  _InitCpuTimers                                  
0     0000a06c  _InitFlash                                      
0     00082f39  _InitGpio                                       
0     00082830  _InitPeripheralClocks                           
0     0008409e  _InitPieCtrl                                    
0     000840c6  _InitPieVectTable                               
0     00082822  _InitSysCtrl                                    
0     000828da  _InitSysPll                                     
1     00007900  _InputXbarRegs                                  
0     00082a4f  _IsPLLValid                                     
1     0000c8f6  _IsrOverrun                                     
0     00081c61  _LINA_0_ISR                                     
0     00081c6b  _LINA_1_ISR                                     
1     00006a00  _LinaRegs                                       
0     00083399  _MW_InitSysPll                                  
1     0000c98a  _MW_InterruptDisableLock                        
0     000832e1  _MW_IsPLLValid                                  
abs   0000006c  _MW_RamfuncsLoadSize                            
0     00080004  _MW_RamfuncsLoadStart                           
0     0000a000  _MW_RamfuncsRunStart                            
1     0000c984  _MW_SCI_PTR                                     
0     00080cc7  _Main_Fir_Subsystempi2delay_Init                
1     0000c7c0  _Main_Firmware_B                                
1     0000c780  _Main_Firmware_DW                               
0     0008469e  _Main_Firmware_M                                
1     0000c600  _Main_Firmware_P                                
0     00080d31  _Main_Firmware_Subsystem1                       
0     00080d24  _Main_Firmware_Subsystem1_Init                  
0     00080cd4  _Main_Firmware_Subsystempi2delay                
0     0008158d  _Main_Firmware_initialize                       
0     00080d83  _Main_Firmware_step                             
0     00081850  _Main_Firmware_terminate                        
1     0005f400  _MemCfgRegs                                     
1     0005f500  _MemoryErrorRegs                                
0     00081883  _NMI_ISR                                        
0     00081cfa  _NOTUSED_ISR                                    
1     00007060  _NmiIntruptRegs                                 
0     0008401a  _OneTimeGpioInit                                
1     00007a80  _OutputXbarRegs                                 
0     00081ce3  _PIE_RESERVED_ISR                               
0     00081c75  _PMBUSA_ISR                                     
1     00005b00  _Pga1Regs                                       
1     00005b10  _Pga2Regs                                       
1     00005b20  _Pga3Regs                                       
1     00005b30  _Pga4Regs                                       
1     00005b40  _Pga5Regs                                       
1     00005b50  _Pga6Regs                                       
1     00005b60  _Pga7Regs                                       
1     00000ce0  _PieCtrlRegs                                    
1     00000d00  _PieVectTable                                   
0     00084458  _PieVectTableInit                               
1     00006400  _PmbusaRegs                                     
0     00081cbb  _RAM_ACCESS_VIOLATION_ISR                       
0     00081ca7  _RAM_CORRECTABLE_ERROR_ISR                      
0     0008186f  _RTOS_ISR                                       
0     000841e7  _RamfuncsLoadEnd                                
abs   0000004f  _RamfuncsLoadSize                               
0     00084198  _RamfuncsLoadStart                              
0     0000a0bb  _RamfuncsRunEnd                                 
abs   0000004f  _RamfuncsRunSize                                
0     0000a06c  _RamfuncsRunStart                               
0     00081adb  _SCIA_RX_ISR                                    
0     00081ae5  _SCIA_TX_ISR                                    
0     00081aef  _SCIB_RX_ISR                                    
0     00081af9  _SCIB_TX_ISR                                    
0     0000a000  _SCIRXINT_isr                                   
0     00081c07  _SD1DR1_ISR                                     
0     00081c11  _SD1DR2_ISR                                     
0     00081c1b  _SD1DR3_ISR                                     
0     00081c25  _SD1DR4_ISR                                     
0     00081bfd  _SD1_ISR                                        
0     00081a63  _SPIA_RX_ISR                                    
0     00081a6d  _SPIA_TX_ISR                                    
0     00081a77  _SPIB_RX_ISR                                    
0     00081a81  _SPIB_TX_ISR                                    
0     00081cc5  _SYS_PLL_SLIP_ISR                               
1     00007200  _SciaRegs                                       
1     00007210  _ScibRegs                                       
1     00005e00  _Sdfm1Regs                                      
0     000828c0  _ServiceDog                                     
0     0008403d  _Set_GPIOPin                                    
1     00006100  _SpiaRegs                                       
1     00006110  _SpibRegs                                       
1     00007940  _SyncSocRegs                                    
0     0000a0b7  _SysCtl_delay                                   
0     000829cc  _SysIntOsc1Sel                                  
0     000829d7  _SysIntOsc2Sel                                  
1     0005d500  _SysPeriphAcRegs                                
0     00082a20  _SysXtalOscSESel                                
0     00082a00  _SysXtalOscSel                                  
0     00081941  _TIMER0_ISR                                     
0     00081851  _TIMER1_ISR                                     
0     0008185b  _TIMER2_ISR                                     
0     00083f92  _TINT0_isr                                      
0     000818f1  _USER10_ISR                                     
0     000818fb  _USER11_ISR                                     
0     00081905  _USER12_ISR                                     
0     00081897  _USER1_ISR                                      
0     000818a1  _USER2_ISR                                      
0     000818ab  _USER3_ISR                                      
0     000818b5  _USER4_ISR                                      
0     000818bf  _USER5_ISR                                      
0     000818c9  _USER6_ISR                                      
0     000818d3  _USER7_ISR                                      
0     000818dd  _USER8_ISR                                      
0     000818e7  _USER9_ISR                                      
1     000703cc  _UidRegs                                        
0     0008194b  _WAKE_ISR                                       
1     00007000  _WdRegs                                         
0     0008192d  _XINT1_ISR                                      
0     00081937  _XINT2_ISR                                      
0     00081bcb  _XINT3_ISR                                      
0     00081bd5  _XINT4_ISR                                      
0     00081bdf  _XINT5_ISR                                      
1     00007920  _XbarRegs                                       
1     00007070  _XintRegs                                       
1     00000800  __STACK_END                                     
abs   00000400  __STACK_SIZE                                    
1     0000c8d8  ___TI_cleanup_ptr                               
1     0000c8da  ___TI_dtors_ptr                                 
1     0000c8d6  ___TI_enable_exit_profile_output                
abs   ffffffff  ___TI_pprof_out_hndl                            
abs   ffffffff  ___TI_prof_data_size                            
abs   ffffffff  ___TI_prof_data_start                           
abs   ffffffff  ___binit__                                      
abs   ffffffff  ___c_args__                                     
0     000841e8  ___cinit__                                      
abs   ffffffff  ___etext__                                      
abs   ffffffff  ___pinit__                                      
abs   ffffffff  ___text__                                       
0     0008415d  __args_main                                     
1     0000c8fe  __lock                                          
0     00084182  __nop                                           
0     0008417e  __register_lock                                 
0     0008417a  __register_unlock                               
1     00000400  __stack                                         
0     00084195  __system_post_cinit                             
0     00084192  __system_pre_init                               
1     0000c97e  __unlock                                        
0     00084075  _abort                                          
0     00083c5e  _addElement                                     
0     000832ca  _c2000_flash_init                               
0     00083ea8  _c_int00                                        
0     00083f85  _config_ePWMSyncSource                          
0     00083f4b  _config_ePWM_GPIO                               
0     00083f76  _config_ePWM_TBSync                             
0     00083efe  _configureTimer0                                
0     000840eb  _copy_in                                        
0     0000a043  _deleteElement                                  
0     00083f2a  _disableTimer0Interrupt                         
0     00083f22  _enableTimer0Interrupt                          
0     00083934  _enable_interrupts_sci                          
0     00084194  _executeOverrunService                          
0     00084077  _exit                                           
0     00083704  _extmodeBackgroundRun                           
0     000836bd  _extmodeEvent                                   
0     0008374a  _extmodeGetEventTriggerEnable                   
0     0008372d  _extmodeGetFinalSimulationTime                  
0     00083610  _extmodeInit                                    
0     00083609  _extmodeParseArgs                               
0     0008370c  _extmodeReset                                   
0     00083764  _extmodeSetEventTriggerEnable                   
0     00083742  _extmodeSetFinalSimulationTime                  
0     00083729  _extmodeSimulationComplete                      
0     00083725  _extmodeStartRequested                          
0     00083721  _extmodeStopRequested                           
0     0008366a  _extmodeWaitForHostRequest                      
0     000822a2  _genericOutputPacketHandler                     
0     00084155  _globalInterruptDisable                         
0     0008414b  _globalInterruptEnable                          
0     00083c38  _initQue                                        
0     00083df2  _init_board                                     
0     00083942  _init_sci_rtiostream                            
0     00083c45  _isEmpty                                        
0     00083c51  _isFull                                         
0     00083b28  _main                                           
0     0008412e  _memcpy                                         
0     0008418b  _memset                                         
1     0000c900  _queRx                                          
0     00083f40  _restoreTimer0Interrupt                         
0     00083fd6  _rtGetInf                                       
0     00083fef  _rtGetInfF                                      
0     00083ff8  _rtGetMinusInf                                  
0     00084011  _rtGetMinusInfF                                 
0     0008404b  _rtGetNaN                                       
0     00084064  _rtGetNaNF                                      
0     000838fc  _rtIOStreamClose                                
0     000838de  _rtIOStreamOpen                                 
0     0008391e  _rtIOStreamRecv                                 
0     00083902  _rtIOStreamSend                                 
0     00083910  _rtIOStreamSend8Bits                            
1     0000c816  _rtInf                                          
1     0000c81c  _rtInfF                                         
0     00083cad  _rtIsInf                                        
0     00083cc5  _rtIsInfF                                       
0     00083cdd  _rtIsNaN                                        
0     00083d00  _rtIsNaNF                                       
1     0000c818  _rtMinusInf                                     
1     0000c81e  _rtMinusInfF                                    
1     0000c81a  _rtNaN                                          
1     0000c820  _rtNaNF                                         
0     00083c85  _rt_InitInfAndNaN                               
0     00083b01  _rt_OneStep                                     
1     0000c8f9  _runModel                                       
0     000839ca  _sci_rcv                                        
0     00083a08  _sci_xmit_external_mode                         
1     0000c8f8  _stopRequested                                  
0     00083af4  _xcpCalibrationGetPacketLookup                  
0     00083aef  _xcpCalibrationInit                             
0     00083b00  _xcpCalibrationReset                            
0     00083af8  _xcpCalibrationSetPacketLookup                  
1     0000c70f  _xcpClassicTriggerArmRequest                    
1     0000c710  _xcpClassicTriggerCancelRequest                 
1     0000c722  _xcpClassicTriggerDelay                         
1     0000c70e  _xcpClassicTriggerDirection                     
1     0000c71e  _xcpClassicTriggerDuration                      
1     0000c70c  _xcpClassicTriggerEventId                       
1     0000c720  _xcpClassicTriggerHoldOff                       
1     0000c71c  _xcpClassicTriggerLevel                         
1     0000c712  _xcpClassicTriggerMode                          
1     0000c71a  _xcpClassicTriggerSignalAddress                 
1     0000c70d  _xcpClassicTriggerSignalAddressExtension        
1     0000c711  _xcpClassicTriggerSource                        
1     0000c713  _xcpClassicTriggerStatus                        
1     0000c8ea  _xcpCurrentSimulationTimeInTicks                
0     00080a86  _xcpDaqEvent                                    
[...]
0     000830cc  _GPIO_SetupXINT3Gpio                            
0     000830d5  _GPIO_SetupXINT4Gpio                            
0     000830de  _GPIO_SetupXINT5Gpio                            
0     000830e7  _GPIO_ReadPin                                   
0     000830fe  _GPIO_WritePin                                  
0     00083244  _xcpExtModeClassicTriggerInit                   
0     00083253  _xcpExtModeClassicTriggerEnabled                
0     00083293  _xcpExtModeClassicTriggerReset                  
0     000832b3  _xcpExtModeClassicTriggerForceEnableStatusUpdate
0     000832ca  _c2000_flash_init                               
0     000832e1  _MW_IsPLLValid                                  
0     00083399  _MW_InitSysPll                                  
0     00083477  _xcp_void_printf                                
0     0008350f  _xcpExtModeUpdateTime                           
0     00083516  _xcpExtModeGetUpdatedTimestamp                  
0     0008351d  _xcpGetTimestamp                                
0     00083534  _xcpExtModeGetSimulationTime                    
0     0008353b  _xcpExtModeInit                                 
0     00083566  _xcpExtModeRunBackground                        
0     000835c3  _xcpExtModeReset                                
0     00083609  _extmodeParseArgs                               
0     00083610  _extmodeInit                                    
0     0008366a  _extmodeWaitForHostRequest                      
0     000836bd  _extmodeEvent                                   
0     00083704  _extmodeBackgroundRun                           
0     0008370c  _extmodeReset                                   
0     00083721  _extmodeStopRequested                           
0     00083725  _extmodeStartRequested                          
0     00083729  _extmodeSimulationComplete                      
0     0008372d  _extmodeGetFinalSimulationTime                  
0     00083742  _extmodeSetFinalSimulationTime                  
0     0008374a  _extmodeGetEventTriggerEnable                   
0     00083764  _extmodeSetEventTriggerEnable                   
0     00083778  _xcpDrvOpen                                     
0     00083792  _xcpDrvIoctl                                    
0     000837a6  _xcpDrvSend                                     
0     00083813  _xcpDrvRecv                                     
0     00083880  _xcpDrvRecvUnknownSize                          
0     000838c3  _xcpDrvClose                                    
0     000838de  _rtIOStreamOpen                                 
0     000838fc  _rtIOStreamClose                                
0     00083902  _rtIOStreamSend                                 
0     00083910  _rtIOStreamSend8Bits                            
0     0008391e  _rtIOStreamRecv                                 
0     00083934  _enable_interrupts_sci                          
0     00083942  _init_sci_rtiostream                            
0     000839ca  _sci_rcv                                        
0     00083a08  _sci_xmit_external_mode                         
0     00083aef  _xcpCalibrationInit                             
0     00083af4  _xcpCalibrationGetPacketLookup                  
0     00083af8  _xcpCalibrationSetPacketLookup                  
0     00083b00  _xcpCalibrationReset                            
0     00083b01  _rt_OneStep                                     
0     00083b28  _main                                           
0     00083bcc  _BytePackerInplace32bits                        
0     00083bef  _BytePacker32bits                               
0     00083c15  _BytePacker16bits                               
0     00083c38  _initQue                                        
0     00083c45  _isEmpty                                        
0     00083c51  _isFull                                         
0     00083c5e  _addElement                                     
0     00083c85  _rt_InitInfAndNaN                               
0     00083cad  _rtIsInf                                        
0     00083cc5  _rtIsInfF                                       
0     00083cdd  _rtIsNaN                                        
0     00083d00  _rtIsNaNF                                       
0     00083d17  _InitCpuTimers                                  
0     00083d58  _ConfigCpuTimer                                 
0     00083d93  _xcpFifoInit                                    
0     00083d9c  _xcpFifoEnqueue                                 
0     00083dab  _xcpFifoDequeue                                 
0     00083dbe  _xcpFifoEnqueueHead                             
0     00083dcd  _xcpFifoSpliceHead                              
0     00083de3  _xcpFifoEmpty                                   
0     00083dec  _xcpFifoReset                                   
0     00083df2  _init_board                                     
0     00083e4e  _xcpSortArray                                   
0     00083ea8  _c_int00                                        
0     00083efe  _configureTimer0                                
0     00083f22  _enableTimer0Interrupt                          
0     00083f2a  _disableTimer0Interrupt                         
0     00083f40  _restoreTimer0Interrupt                         
0     00083f4b  _config_ePWM_GPIO                               
0     00083f76  _config_ePWM_TBSync                             
0     00083f85  _config_ePWMSyncSource                          
0     00083f92  _TINT0_isr                                      
0     00083fd6  _rtGetInf                                       
0     00083fef  _rtGetInfF                                      
0     00083ff8  _rtGetMinusInf                                  
0     00084011  _rtGetMinusInfF                                 
0     0008401a  _OneTimeGpioInit                                
0     00084025  _GPIO_TogglePin                                 
0     0008403d  _Set_GPIOPin                                    
0     0008404b  _rtGetNaN                                       
0     00084064  _rtGetNaNF                                      
0     00084075  C$$EXIT                                         
0     00084075  _abort                                          
0     00084077  _exit                                           
0     0008409e  _InitPieCtrl                                    
0     000840bd  _EnableInterrupts                               
0     000840c6  _InitPieVectTable                               
0     000840eb  _copy_in                                        
0     0008410f  _xcpExtModeParseArgs                            
0     00084114  _xcpTransportGetInitParameters                  
0     00084121  _xcpGetInitParameters                           
0     0008412e  _memcpy                                         
0     0008414b  _globalInterruptEnable                          
0     00084155  _globalInterruptDisable                         
0     0008415d  __args_main                                     
0     0008416f  U$$DIV                                          
0     00084174  U$$MOD                                          
0     0008417a  __register_unlock                               
0     0008417e  __register_lock                                 
0     00084182  __nop                                           
0     0008418b  _memset                                         
0     00084192  __system_pre_init                               
0     00084194  _executeOverrunService                          
0     00084195  __system_post_cinit                             
0     00084198  _RamfuncsLoadStart                              
0     000841e7  _RamfuncsLoadEnd                                
0     000841e8  ___cinit__                                      
0     000841e8  cinit                                           
0     00084458  _PieVectTableInit                               
0     0008469e  _Main_Firmware_M                                
1     00000400  __stack                                         
1     00000800  __STACK_END                                     
1     00000b00  _AdcaResultRegs                                 
1     00000b20  _AdcbResultRegs                                 
1     00000b40  _AdccResultRegs                                 
1     00000c00  _CpuTimer0Regs                                  
1     00000c08  _CpuTimer1Regs                                  
1     00000c10  _CpuTimer2Regs                                  
1     00000ce0  _PieCtrlRegs                                    
1     00000d00  _PieVectTable                                   
1     00001000  _DmaRegs                                        
1     00001400  _Cla1Regs                                       
1     00003000  _Clb1LogicCfgRegs                               
1     00003100  _Clb1LogicCtrlRegs                              
1     00003200  _Clb1DataExchRegs                               
1     00003400  _Clb2LogicCfgRegs                               
1     00003500  _Clb2LogicCtrlRegs                              
1     00003600  _Clb2DataExchRegs                               
1     00003800  _Clb3LogicCfgRegs                               
1     00003900  _Clb3LogicCtrlRegs                              
1     00003a00  _Clb3DataExchRegs                               
1     00003c00  _Clb4LogicCfgRegs                               
1     00003d00  _Clb4LogicCtrlRegs                              
1     00003e00  _Clb4DataExchRegs                               
1     00004000  _EPwm1Regs                                      
1     00004100  _EPwm2Regs                                      
1     00004200  _EPwm3Regs                                      
1     00004300  _EPwm4Regs                                      
1     00004400  _EPwm5Regs                                      
1     00004500  _EPwm6Regs                                      
1     00004600  _EPwm7Regs                                      
1     00004700  _EPwm8Regs                                      
1     00005100  _EQep1Regs                                      
1     00005140  _EQep2Regs                                      
1     00005200  _ECap1Regs                                      
1     00005240  _ECap2Regs                                      
1     00005280  _ECap3Regs                                      
1     000052c0  _ECap4Regs                                      
1     00005300  _ECap5Regs                                      
1     00005340  _ECap6Regs                                      
1     00005360  _HRCap6Regs                                     
1     00005380  _ECap7Regs                                      
1     000053a0  _HRCap7Regs                                     
1     00005b00  _Pga1Regs                                       
1     00005b10  _Pga2Regs                                       
1     00005b20  _Pga3Regs                                       
1     00005b30  _Pga4Regs                                       
1     00005b40  _Pga5Regs                                       
1     00005b50  _Pga6Regs                                       
1     00005b60  _Pga7Regs                                       
1     00005c00  _DacaRegs                                       
1     00005c10  _DacbRegs                                       
1     00005c80  _Cmpss1Regs                                     
1     00005ca0  _Cmpss2Regs                                     
1     00005cc0  _Cmpss3Regs                                     
1     00005ce0  _Cmpss4Regs                                     
1     00005d00  _Cmpss5Regs                                     
1     00005d20  _Cmpss6Regs                                     
1     00005d40  _Cmpss7Regs                                     
1     00005e00  _Sdfm1Regs                                      
1     00006100  _SpiaRegs                                       
1     00006110  _SpibRegs                                       
1     000061c0  _ClaPromCrc0Regs                                
1     00006400  _PmbusaRegs                                     
1     00006600  _FsiTxaRegs                                     
1     00006680  _FsiRxaRegs                                     
1     00006a00  _LinaRegs                                       
1     00007000  _WdRegs                                         
1     00007060  _NmiIntruptRegs                                 
1     00007070  _XintRegs                                       
1     00007200  _SciaRegs                                       
1     00007210  _ScibRegs                                       
1     00007300  _I2caRegs                                       
1     00007400  _AdcaRegs                                       
1     00007480  _AdcbRegs                                       
1     00007500  _AdccRegs                                       
1     00007900  _InputXbarRegs                                  
1     00007920  _XbarRegs                                       
1     00007940  _SyncSocRegs                                    
1     00007980  _DmaClaSrcSelRegs                               
1     00007a00  _EPwmXbarRegs                                   
1     00007a40  _CLBXbarRegs                                    
1     00007a80  _OutputXbarRegs                                 
1     00007c00  _GpioCtrlRegs                                   
1     00007f00  _GpioDataRegs                                   
1     0000c5c6  _xcpModelStartRequest                           
1     0000c5c7  _xcpModelStopRequest                            
1     0000c5c8  _xcpModelStatus                                 
1     0000c5c9  _xcpExtmodeSimulationComplete                   
1     0000c5cc  _xcpModelChecksum0                              
1     0000c5ce  _xcpModelChecksum1                              
1     0000c5d0  _xcpModelChecksum2                              
1     0000c5d2  _xcpModelChecksum3                              
1     0000c5d4  _xcpModelIntegerCode                            
1     0000c5d6  _xcpExtmodeFinalSimulationTime                  
1     0000c5d8  _xcpDummyDoubleVariable                         
1     0000c5e4  _xcpDummyUint64Variable                         
1     0000c5e8  _CpuTimer0                                      
1     0000c5f0  _CpuTimer1                                      
1     0000c5f8  _CpuTimer2                                      
1     0000c600  _Main_Firmware_P                                
1     0000c70c  _xcpClassicTriggerEventId                       
1     0000c70d  _xcpClassicTriggerSignalAddressExtension        
1     0000c70e  _xcpClassicTriggerDirection                     
1     0000c70f  _xcpClassicTriggerArmRequest                    
1     0000c710  _xcpClassicTriggerCancelRequest                 
1     0000c711  _xcpClassicTriggerSource                        
1     0000c712  _xcpClassicTriggerMode                          
1     0000c713  _xcpClassicTriggerStatus                        
1     0000c71a  _xcpClassicTriggerSignalAddress                 
1     0000c71c  _xcpClassicTriggerLevel                         
1     0000c71e  _xcpClassicTriggerDuration                      
1     0000c720  _xcpClassicTriggerHoldOff                       
1     0000c722  _xcpClassicTriggerDelay                         
1     0000c780  _Main_Firmware_DW                               
1     0000c7c0  _Main_Firmware_B                                
1     0000c816  _rtInf                                          
1     0000c818  _rtMinusInf                                     
1     0000c81a  _rtNaN                                          
1     0000c81c  _rtInfF                                         
1     0000c81e  _rtMinusInfF                                    
1     0000c820  _rtNaNF                                         
1     0000c8cf  _GPIO_oneTimeInit                               
1     0000c8d6  ___TI_enable_exit_profile_output                
1     0000c8d8  ___TI_cleanup_ptr                               
1     0000c8da  ___TI_dtors_ptr                                 
1     0000c8ea  _xcpCurrentSimulationTimeInTicks                
1     0000c8f6  _IsrOverrun                                     
1     0000c8f8  _stopRequested                                  
1     0000c8f9  _runModel                                       
1     0000c8fe  __lock                                          
1     0000c900  _queRx                                          
1     0000c97e  __unlock                                        
1     0000c984  _MW_SCI_PTR                                     
1     0000c98a  _MW_InterruptDisableLock                        
1     00048000  _CanaRegs                                       
1     0004a000  _CanbRegs                                       
1     0005d000  _DevCfgRegs                                     
1     0005d200  _ClkCfgRegs                                     
1     0005d300  _CpuSysRegs                                     
1     0005d500  _SysPeriphAcRegs                                
1     0005d700  _AnalogSubsysRegs                               
1     0005e700  _Dcc0Regs                                       
1     0005e800  _EradGlobalRegs                                 
1     0005e900  _EradHWBP1Regs                                  
1     0005e908  _EradHWBP2Regs                                  
1     0005e910  _EradHWBP3Regs                                  
1     0005e918  _EradHWBP4Regs                                  
1     0005e920  _EradHWBP5Regs                                  
1     0005e928  _EradHWBP6Regs                                  
1     0005e930  _EradHWBP7Regs                                  
1     0005e938  _EradHWBP8Regs                                  
1     0005e980  _EradCounter1Regs                               
1     0005e990  _EradCounter2Regs                               
1     0005e9a0  _EradCounter3Regs                               
1     0005e9b0  _EradCounter4Regs                               
1     0005f000  _DcsmBank0Z1Regs                                
1     0005f040  _DcsmBank0Z2Regs                                
1     0005f070  _DcsmCommonRegs                                 
1     0005f100  _DcsmBank1Z1Regs                                
1     0005f140  _DcsmBank1Z2Regs                                
1     0005f400  _MemCfgRegs                                     
1     0005f4c0  _AccessProtectionRegs                           
1     0005f500  _MemoryErrorRegs                                
1     0005f800  _Flash0CtrlRegs                                 
1     0005fb00  _Flash0EccRegs                                  
1     000703cc  _UidRegs                                        
abs   0000004f  _RamfuncsLoadSize                               
abs   0000004f  _RamfuncsRunSize                                
abs   0000006c  _MW_RamfuncsLoadSize                            
abs   00000400  __STACK_SIZE                                    
abs   ffffffff  .text                                           
abs   ffffffff  ___TI_pprof_out_hndl                            
abs   ffffffff  ___TI_prof_data_size                            
abs   ffffffff  ___TI_prof_data_start                           
abs   ffffffff  ___binit__                                      
abs   ffffffff  ___c_args__                                     
abs   ffffffff  ___etext__                                      
abs   ffffffff  ___pinit__                                      
abs   ffffffff  ___text__                                       
abs   ffffffff  binit                                           
abs   ffffffff  etext                                           
abs   ffffffff  pinit                                           

[552 symbols]
