******************************************************************************
             TMS320C2000 Linker PC v22.6.1                     
******************************************************************************
>> Linked Sun Dec 15 16:34:57 2024

OUTPUT FILE NAME:   <empty_driverlib_project.out>
ENTRY POINT SYMBOL: "code_start"  address: 00000000


MEMORY CONFIGURATION

         name            origin    length      used     unused   attr    fill
----------------------  --------  ---------  --------  --------  ----  --------
PAGE 0:
  BEGIN                 00000000   00000002  00000002  00000000  RWIX
  RAMM0                 000000f6   0000030a  00000046  000002c4  RWIX
  RAMLS0                00008000   00000800  00000800  00000000  RWIX
  RAMLS1                00008800   00000800  00000800  00000000  RWIX
  RAMLS2                00009000   00000800  000002d8  00000528  RWIX
  RAMLS3                00009800   00000800  00000000  00000800  RWIX
  RAMLS4                0000a000   00000800  00000000  00000800  RWIX
  FLASH_BANK0_SEC0      00080000   00001000  00000000  00001000  RWIX
  FLASH_BANK0_SEC1      00081000   00001000  00000000  00001000  RWIX
  FLASH_BANK0_SEC2      00082000   00001000  00000000  00001000  RWIX
  FLASH_BANK0_SEC3      00083000   00001000  00000000  00001000  RWIX
  FLASH_BANK0_SEC4      00084000   00001000  00000000  00001000  RWIX
  FLASH_BANK0_SEC5      00085000   00001000  00000000  00001000  RWIX
  FLASH_BANK0_SEC6      00086000   00001000  00000000  00001000  RWIX
  FLASH_BANK0_SEC7      00087000   00001000  00000000  00001000  RWIX
  FLASH_BANK0_SEC8      00088000   00001000  00000000  00001000  RWIX
  FLASH_BANK0_SEC9      00089000   00001000  00000000  00001000  RWIX
  FLASH_BANK0_SEC10     0008a000   00001000  00000000  00001000  RWIX
  FLASH_BANK0_SEC11     0008b000   00001000  00000000  00001000  RWIX
  FLASH_BANK0_SEC12     0008c000   00001000  00000000  00001000  RWIX
  FLASH_BANK0_SEC13     0008d000   00001000  00000000  00001000  RWIX
  FLASH_BANK0_SEC14     0008e000   00001000  00000000  00001000  RWIX
  FLASH_BANK0_SEC15     0008f000   00001000  00000000  00001000  RWIX
  FLASH_BANK1_SEC0      00090000   00001000  00000000  00001000  RWIX
  FLASH_BANK1_SEC1      00091000   00001000  00000000  00001000  RWIX
  FLASH_BANK1_SEC2      00092000   00001000  00000000  00001000  RWIX
  FLASH_BANK1_SEC3      00093000   00001000  00000000  00001000  RWIX
  FLASH_BANK1_SEC4      00094000   00001000  00000000  00001000  RWIX
  FLASH_BANK1_SEC5      00095000   00001000  00000000  00001000  RWIX
  FLASH_BANK1_SEC6      00096000   00001000  00000000  00001000  RWIX
  FLASH_BANK1_SEC7      00097000   00001000  00000000  00001000  RWIX
  FLASH_BANK1_SEC8      00098000   00001000  00000000  00001000  RWIX
  FLASH_BANK1_SEC9      00099000   00001000  00000000  00001000  RWIX
  FLASH_BANK1_SEC10     0009a000   00001000  00000000  00001000  RWIX
  FLASH_BANK1_SEC11     0009b000   00001000  00000000  00001000  RWIX
  FLASH_BANK1_SEC12     0009c000   00001000  00000000  00001000  RWIX
  FLASH_BANK1_SEC13     0009d000   00001000  00000000  00001000  RWIX
  FLASH_BANK1_SEC14     0009e000   00001000  00000000  00001000  RWIX
  FLASH_BANK1_SEC15     0009f000   00001000  00000000  00001000  RWIX
  RESET                 003fffc0   00000002  00000000  00000002  RWIX

PAGE 1:
  BOOT_RSVD             00000002   000000f1  00000000  000000f1  RWIX
  RAMM1                 00000400   000003f8  000003f8  00000000  RWIX
  RAMLS5                0000a800   00000800  000006a8  00000158  RWIX
  RAMLS6                0000b000   00000800  00000000  00000800  RWIX
  RAMLS7                0000b800   00000800  00000000  00000800  RWIX
  RAMGS0                0000c000   00002000  00000000  00002000  RWIX
  RAMGS1                0000e000   00002000  00000000  00002000  RWIX
  RAMGS2                00010000   00002000  00000000  00002000  RWIX
  RAMGS3                00012000   00001ff8  00000000  00001ff8  RWIX


SECTION ALLOCATION MAP

 output                                  attributes/
section   page    origin      length       input sections
--------  ----  ----------  ----------   ----------------
codestart 
*          0    00000000    00000002     
                  00000000    00000002     f28004x_codestartbranch.obj (codestart)

.TI.ramfunc 
*          0    000000f6    00000004     
                  000000f6    00000004     driverlib_eabi.lib : sysctl.obj (.TI.ramfunc)

.cinit     0    000000fa    00000042     
                  000000fa    0000002f     (.cinit..data.load) [load image, compression = lzss]
                  00000129    00000001     --HOLE-- [fill = 0]
                  0000012a    00000006     (__TI_handler_table)
                  00000130    00000004     (.cinit..bss.load) [load image, compression = zero_init]
                  00000134    00000008     (__TI_cinit_table)

.reset     0    003fffc0    00000000     DSECT

.stack     1    00000400    000003f8     UNINITIALIZED
                  00000400    000003f8     --HOLE--

.bss       1    0000abe8    000001ca     UNINITIALIZED
                  0000abe8    00000120     rts2800_fpu32_eabi.lib : trgmsg.c.obj (.bss:_CIOBUF_)
                  0000ad08    000000a0                            : defs.c.obj (.bss:__TI_tmpnams)
                  0000ada8    00000008                            : hostopen.c.obj (.bss:parmbuf)
                  0000adb0    00000002                            : memory.c.obj (.bss)

.init_array 
*          0    000000f6    00000000     UNINITIALIZED

.sysmem    1    0000a800    00000200     UNINITIALIZED
                  0000a800    00000004     rts2800_fpu32_eabi.lib : memory.c.obj (.sysmem)
                  0000a804    000001fc     --HOLE--

.const     1    0000aa00    000001e8     
                  0000aa00    0000009a     driverlib_eabi.lib : sysctl.obj (.const:.string)
                  0000aa9a    00000098                        : gpio.obj (.const:.string)
                  0000ab32    0000005d     device.obj (.const:.string)
                  0000ab8f    00000001     --HOLE-- [fill = 0]
                  0000ab90    00000056     main.obj (.const:.string)
                  0000abe6    00000002     rts2800_fpu32_eabi.lib : fputs.c.obj (.const:.string)

.data      1    0000adb2    000000f6     UNINITIALIZED
                  0000adb2    00000078     rts2800_fpu32_eabi.lib : defs.c.obj (.data:_ftable)
                  0000ae2a    00000048                            : host_device.c.obj (.data:_device)
                  0000ae72    00000028                            : host_device.c.obj (.data:_stream)
                  0000ae9a    00000006                            : exit.c.obj (.data)
                  0000aea0    00000002                            : _lock.c.obj (.data:_lock)
                  0000aea2    00000002                            : _lock.c.obj (.data:_unlock)
                  0000aea4    00000001                            : defs.c.obj (.data)
                  0000aea5    00000001                            : fopen.c.obj (.data)
                  0000aea6    00000001                            : memory.c.obj (.data)
                  0000aea7    00000001                            : open.c.obj (.data)

.text.1    0    00008000    00000800     
                  00008000    00000298     rts2800_fpu32_eabi.lib : memory.c.obj (.text)
                  00008298    00000121                            : fopen.c.obj (.text)
                  000083b9    000000e0     device.obj (.text:Device_enableAllPeripherals)
                  00008499    000000c7     driverlib_eabi.lib : sysctl.obj (.text:SysCtl_setClock)
                  00008560    000000c0                        : sysctl.obj (.text:SysCtl_isPLLValid)
                  00008620    000000a8     rts2800_fpu32_eabi.lib : fputs.c.obj (.text)
                  000086c8    00000095                            : trgmsg.c.obj (.text)
                  0000875d    0000007c                            : setvbuf.c.obj (.text)
                  000087d9    00000027     main.obj (.text:GPIO_writePin)

.text.2    0    00008800    00000800     
                  00008800    0000007a     driverlib_eabi.lib : sysctl.obj (.text:DCC_setCounterSeeds)
                  0000887a    00000073     rts2800_fpu32_eabi.lib : fflush.c.obj (.text)
                  000088ed    00000071                            : open.c.obj (.text)
                  0000895e    00000065                            : _io_perm.c.obj (.text)
                  000089c3    00000061                            : hostlseek.c.obj (.text)
                  00008a24    0000005e     driverlib_eabi.lib : sysctl.obj (.text:SysCtl_getClock)
                  00008a82    0000005d     rts2800_fpu32_eabi.lib : fclose.c.obj (.text)
                  00008adf    00000052     driverlib_eabi.lib : gpio.obj (.text:GPIO_setPadConfig)
                  00008b31    00000051     device.obj (.text:Device_init)
                  00008b82    00000051     rts2800_fpu32_eabi.lib : getdevice.c.obj (.text)
                  00008bd3    0000004a     driverlib_eabi.lib : sysctl.obj (.text:SysCtl_selectOscSource)
                  00008c1d    00000043     main.obj (.text:main)
                  00008c60    0000003e     rts2800_fpu32_eabi.lib : hostrename.c.obj (.text)
                  00008c9e    0000003d     driverlib_eabi.lib : interrupt.obj (.text:Interrupt_initModule)
                  00008cdb    0000003d     rts2800_fpu32_eabi.lib : fseek.c.obj (.text)
                  00008d18    0000003b     driverlib_eabi.lib : gpio.obj (.text:GPIO_setAnalogMode)
                  00008d53    0000003a     rts2800_fpu32_eabi.lib : hostopen.c.obj (.text)
                  00008d8d    00000039                            : hostwrite.c.obj (.text)
                  00008dc6    00000038                            : hostread.c.obj (.text)
                  00008dfe    00000033                            : close.c.obj (.text)
                  00008e31    00000031     driverlib_eabi.lib : gpio.obj (.text:GPIO_setDirectionMode)
                  00008e62    00000030     rts2800_fpu32_eabi.lib : copy_decompress_lzss.c.obj (.text:decompress:lzss)
                  00008e92    0000002b                            : autoinit.c.obj (.text:__TI_auto_init_nobinit_nopinit)
                  00008ebd    00000029                            : exit.c.obj (.text)
                  00008ee6    00000029                            : hostclose.c.obj (.text)
                  00008f0f    00000026     driverlib_eabi.lib : sysctl.obj (.text:SysCtl_pollX1Counter)
                  00008f35    00000025                        : sysctl.obj (.text:DCC_enableSingleShotMode)
                  00008f5a    00000024                        : sysctl.obj (.text:SysCtl_selectXTAL)
                  00008f7e    00000024     rts2800_fpu32_eabi.lib : hostunlink.c.obj (.text)
                  00008fa2    0000001f     driverlib_eabi.lib : sysctl.obj (.text:DCC_setCounter1ClkSource)
                  00008fc1    0000001e                        : interrupt.obj (.text:Interrupt_initVectorTable)
                  00008fdf    0000001d                        : sysctl.obj (.text:DCC_setCounter0ClkSource)
                  00008ffc    00000002                        : interrupt.obj (.text:Interrupt_illegalOperationHandler)
                  00008ffe    00000002                        : interrupt.obj (.text:Interrupt_nmiHandler)

.text.3    0    00009000    000002d8     
                  00009000    0000001d     rts2800_fpu32_eabi.lib : memcpy.c.obj (.text)
                  0000901d    0000001a     driverlib_eabi.lib : sysctl.obj (.text:SysCtl_getLowSpeedClock)
                  00009037    0000001a                        : sysctl.obj (.text:SysCtl_selectXTALSingleEnded)
                  00009051    00000019     rts2800_fpu32_eabi.lib : unlink.c.obj (.text)
                  0000906a    00000019                            : write.c.obj (.text)
                  00009083    00000018                            : lseek.c.obj (.text)
                  0000909b    00000017     driverlib_eabi.lib : sysctl.obj (.text:DCC_disableDoneSignal)
                  000090b2    00000017                        : sysctl.obj (.text:DCC_enableDoneSignal)
                  000090c9    00000017     device.obj (.text:SysCtl_enablePeripheral)
                  000090e0    00000017     driverlib_eabi.lib : sysctl.obj (.text:SysCtl_enablePeripheral)
                  000090f7    00000017     rts2800_fpu32_eabi.lib : boot28.asm.obj (.text)
                  0000910e    00000016     driverlib_eabi.lib : sysctl.obj (.text:DCC_clearDoneFlag)
                  00009124    00000016                        : sysctl.obj (.text:DCC_clearErrorFlag)
                  0000913a    00000016                        : sysctl.obj (.text:DCC_disableErrorSignal)
                  00009150    00000016                        : sysctl.obj (.text:DCC_enableErrorSignal)
                  00009166    00000015     device.obj (.text:GPIO_unlockPortConfig)
                  0000917b    00000015     rts2800_fpu32_eabi.lib : strncpy.c.obj (.text)
                  00009190    00000014     driverlib_eabi.lib : sysctl.obj (.text:DCC_disableModule)
                  000091a4    00000014                        : sysctl.obj (.text:DCC_enableModule)
                  000091b8    00000014                        : gpio.obj (.text:GPIO_isPinValid)
                  000091cc    00000014     main.obj (.text:GPIO_isPinValid)
                  000091e0    00000014     device.obj (.text:SysCtl_deviceCal)
                  000091f4    00000010     driverlib_eabi.lib : sysctl.obj (.text:DCC_isBaseValid)
                  00009204    00000010     device.obj (.text:Device_initGPIO)
                  00009214    0000000f     device.obj (.text:ASysCtl_disableDCDC)
                  00009223    0000000e     driverlib_eabi.lib : interrupt.obj (.text:Interrupt_defaultHandler)
                  00009231    0000000d                        : interrupt.obj (.text:Interrupt_disableMaster)
                  0000923e    0000000d     device.obj (.text:SysCtl_setLowSpeedClock)
                  0000924b    0000000d     rts2800_fpu32_eabi.lib : copy_zero_init.c.obj (.text:decompress:ZI:__TI_zero_init_nomemset)
                  00009258    0000000d                            : memchr.c.obj (.text)
                  00009265    0000000c                            : args_main.c.obj (.text)
                  00009271    0000000c                            : strchr.c.obj (.text)
                  0000927d    0000000b     driverlib_eabi.lib : sysctl.obj (.text:SysCtl_isMCDClockFailureDetected)
                  00009288    0000000a     rts2800_fpu32_eabi.lib : strcmp.c.obj (.text)
                  00009292    00000009                            : _lock.c.obj (.text)
                  0000929b    00000008     device.obj (.text:SysCtl_disableWatchdog)
                  000092a3    00000008     rts2800_fpu32_eabi.lib : copy_decompress_none.c.obj (.text:decompress:none)
                  000092ab    00000008     f28004x_codestartbranch.obj (.text)
                  000092b3    00000008     rts2800_fpu32_eabi.lib : strlen.c.obj (.text)
                  000092bb    00000007     driverlib_eabi.lib : sysctl.obj (.text:SysCtl_resetMCD)
                  000092c2    00000007     device.obj (.text:__error__)
                  000092c9    00000007     rts2800_fpu32_eabi.lib : memset.c.obj (.text)
                  000092d0    00000005                            : strcpy.c.obj (.text)
                  000092d5    00000002                            : pre_init.c.obj (.text)
                  000092d7    00000001                            : startup.c.obj (.text)

MODULE SUMMARY

       Module                        code   ro data   rw data
       ------                        ----   -------   -------
    .\
       main.obj                      126    86        0      
    +--+-----------------------------+------+---------+---------+
       Total:                        126    86        0      
                                                             
    .\device\
       device.obj                    428    93        0      
       f28004x_codestartbranch.obj   10     0         0      
    +--+-----------------------------+------+---------+---------+
       Total:                        438    93        0      
                                                             
    C:\ti\c2000WARE\C2000Ware_4_01_00_00\driverlib\f28004x\driverlib\ccs\Debug\driverlib_eabi.lib
       sysctl.obj                    1139   154       0      
       gpio.obj                      210    152       0      
       interrupt.obj                 122    0         0      
    +--+-----------------------------+------+---------+---------+
       Total:                        1471   306       0      
                                                             
    C:\ti\ccs2000\ccs\tools\compiler\ti-cgt-c2000_22.6.1A23259\lib\rts2800_fpu32_eabi.lib
       memory.c.obj                  664    0         3      
       trgmsg.c.obj                  149    0         288    
       fopen.c.obj                   289    0         1      
       defs.c.obj                    0      0         281    
       fputs.c.obj                   168    2         0      
       setvbuf.c.obj                 124    0         0      
       fflush.c.obj                  115    0         0      
       open.c.obj                    113    0         1      
       host_device.c.obj             0      0         112    
       _io_perm.c.obj                101    0         0      
       hostlseek.c.obj               97     0         0      
       fclose.c.obj                  93     0         0      
       getdevice.c.obj               81     0         0      
       hostopen.c.obj                58     0         8      
       hostrename.c.obj              62     0         0      
       fseek.c.obj                   61     0         0      
       hostwrite.c.obj               57     0         0      
       hostread.c.obj                56     0         0      
       close.c.obj                   51     0         0      
       copy_decompress_lzss.c.obj    48     0         0      
       exit.c.obj                    41     0         6      
       autoinit.c.obj                43     0         0      
       hostclose.c.obj               41     0         0      
       hostunlink.c.obj              36     0         0      
       memcpy.c.obj                  29     0         0      
       unlink.c.obj                  25     0         0      
       write.c.obj                   25     0         0      
       lseek.c.obj                   24     0         0      
       boot28.asm.obj                23     0         0      
       strncpy.c.obj                 21     0         0      
       _lock.c.obj                   9      0         4      
       copy_zero_init.c.obj          13     0         0      
       memchr.c.obj                  13     0         0      
       args_main.c.obj               12     0         0      
       strchr.c.obj                  12     0         0      
       strcmp.c.obj                  10     0         0      
       copy_decompress_none.c.obj    8      0         0      
       strlen.c.obj                  8      0         0      
       memset.c.obj                  7      0         0      
       strcpy.c.obj                  5      0         0      
       pre_init.c.obj                2      0         0      
       startup.c.obj                 1      0         0      
    +--+-----------------------------+------+---------+---------+
       Total:                        2795   2         704    
                                                             
       Heap:                         0      0         512    
       Stack:                        0      0         1016   
       Linker Generated:             0      65        0      
    +--+-----------------------------+------+---------+---------+
       Grand Total:                  4830   552       2232   


LINKER GENERATED COPY TABLES

__TI_cinit_table @ 00000134 records: 2, size/record: 4, table size: 8
	.data: load addr=000000fa, load size=0000002f bytes, run addr=0000adb2, run size=000000f6 bytes, compression=lzss
	.bss: load addr=00000130, load size=00000004 bytes, run addr=0000abe8, run size=000001ca bytes, compression=zero_init


LINKER GENERATED HANDLER TABLE

__TI_handler_table @ 0000012a records: 3, size/record: 2, table size: 6
	index: 0, handler: __TI_zero_init
	index: 1, handler: __TI_decompress_lzss
	index: 2, handler: __TI_decompress_none


GLOBAL DATA SYMBOLS: SORTED BY DATA PAGE

address     data page           name
--------    ----------------    ----
00000400      10 (00000400)     __stack

0000a800     2a0 (0000a800)     _sys_memory

0000abe8     2af (0000abc0)     __CIOBUF_

0000ad08     2b4 (0000ad00)     __TI_tmpnams

0000ada8     2b6 (0000ad80)     parmbuf
0000adb2     2b6 (0000ad80)     _ftable

0000ae2a     2b8 (0000ae00)     _device

0000ae72     2b9 (0000ae40)     _stream

0000ae9a     2ba (0000ae80)     __TI_enable_exit_profile_output
0000ae9c     2ba (0000ae80)     __TI_cleanup_ptr
0000ae9e     2ba (0000ae80)     __TI_dtors_ptr
0000aea0     2ba (0000ae80)     _lock
0000aea2     2ba (0000ae80)     _unlock
0000aea4     2ba (0000ae80)     __TI_ft_end


GLOBAL SYMBOLS: SORTED ALPHABETICALLY BY Name 

page  address   name                           
----  -------   ----                           
0     00008ebd  C$$EXIT                        
0     0000871b  C$$IO$$                        
0     000083b9  Device_enableAllPeripherals    
0     00008b31  Device_init                    
0     00009204  Device_initGPIO                
0     00008d18  GPIO_setAnalogMode             
0     00008e31  GPIO_setDirectionMode          
0     00008adf  GPIO_setPadConfig              
0     00008ee6  HOSTclose                      
0     000089c3  HOSTlseek                      
0     00008d53  HOSTopen                       
0     00008dc6  HOSTread                       
0     00008c60  HOSTrename                     
0     00008f7e  HOSTunlink                     
0     00008d8d  HOSTwrite                      
0     00008c9e  Interrupt_initModule           
0     00008fc1  Interrupt_initVectorTable      
0     000000f6  SysCtl_delay                   
0     00008a24  SysCtl_getClock                
0     0000901d  SysCtl_getLowSpeedClock        
0     00008560  SysCtl_isPLLValid              
0     00008bd3  SysCtl_selectOscSource         
0     00008f5a  SysCtl_selectXTAL              
0     00009037  SysCtl_selectXTALSingleEnded   
0     00008499  SysCtl_setClock                
1     0000abe8  __CIOBUF_                      
0     00000134  __TI_CINIT_Base                
0     0000013c  __TI_CINIT_Limit               
0     0000013c  __TI_CINIT_Warm                
0     0000012a  __TI_Handler_Table_Base        
0     00000130  __TI_Handler_Table_Limit       
1     000007f8  __TI_STACK_END                 
abs   000003f8  __TI_STACK_SIZE                
abs   00000200  __TI_SYSMEM_SIZE               
0     00008e92  __TI_auto_init_nobinit_nopinit 
0     00008337  __TI_cleanup                   
1     0000ae9c  __TI_cleanup_ptr               
0     00008a82  __TI_closefile                 
0     00008e62  __TI_decompress_lzss           
0     000092a3  __TI_decompress_none           
0     0000887a  __TI_doflush                   
1     0000ae9e  __TI_dtors_ptr                 
1     0000ae9a  __TI_enable_exit_profile_output
1     0000aea4  __TI_ft_end                    
0     00008296  __TI_heap_check                
0     00008277  __TI_heap_largest_available    
0     00008258  __TI_heap_total_available      
abs   ffffffff  __TI_pprof_out_hndl            
abs   ffffffff  __TI_prof_data_size            
abs   ffffffff  __TI_prof_data_start           
0     00008998  __TI_rd_ok                     
0     00008720  __TI_readmsg                   
1     0000ad08  __TI_tmpnams                   
0     000086c8  __TI_writemsg                  
0     0000895e  __TI_wrt_ok                    
0     0000924b  __TI_zero_init_nomemset        
n/a   UNDEFED   __c_args__                     
0     000092c2  __error__                      
1     00000400  __stack                        
0     00009265  _args_main                     
0     000090f7  _c_int00                       
1     0000ae2a  _device                        
1     0000adb2  _ftable                        
1     0000aea0  _lock                          
0     0000929a  _nop                           
0     00009296  _register_lock                 
0     00009292  _register_unlock               
1     0000ae72  _stream                        
1     0000a800  _sys_memory                    
0     000092d7  _system_post_cinit             
0     000092d5  _system_pre_init               
1     0000aea2  _unlock                        
0     00008ebd  abort                          
0     000081aa  aligned_alloc                  
0     0000817d  calloc                         
0     00008dfe  close                          
0     00000000  code_start                     
0     00008ebf  exit                           
0     00008ac6  fclose                         
0     000088a9  fflush                         
0     00008b82  finddevice                     
0     00008372  fopen                          
0     00008620  fputs                          
0     0000802b  free                           
0     00008354  freopen                        
0     00008cdb  fseek                          
0     00008cdb  fseeko                         
0     00008b9d  getdevice                      
0     00009083  lseek                          
0     00008c1d  main                           
0     00008000  malloc                         
0     000081aa  memalign                       
0     00009258  memchr                         
0     00009000  memcpy                         
0     000092c9  memset                         
0     00008179  minit                          
0     000088ed  open                           
1     0000ada8  parmbuf                        
0     000086b5  puts                           
0     000080f5  realloc                        
0     00009051  remove                         
0     0000875d  setvbuf                        
0     00009271  strchr                         
0     00009288  strcmp                         
0     000092d0  strcpy                         
0     000092b3  strlen                         
0     0000917b  strncpy                        
0     00009051  unlink                         
0     0000906a  write                          


GLOBAL SYMBOLS: SORTED BY Symbol Address 

page  address   name                           
----  -------   ----                           
0     00000000  code_start                     
0     000000f6  SysCtl_delay                   
0     0000012a  __TI_Handler_Table_Base        
0     00000130  __TI_Handler_Table_Limit       
0     00000134  __TI_CINIT_Base                
0     0000013c  __TI_CINIT_Limit               
0     0000013c  __TI_CINIT_Warm                
0     00008000  malloc                         
0     0000802b  free                           
0     000080f5  realloc                        
0     00008179  minit                          
0     0000817d  calloc                         
0     000081aa  aligned_alloc                  
0     000081aa  memalign                       
0     00008258  __TI_heap_total_available      
0     00008277  __TI_heap_largest_available    
0     00008296  __TI_heap_check                
0     00008337  __TI_cleanup                   
0     00008354  freopen                        
0     00008372  fopen                          
0     000083b9  Device_enableAllPeripherals    
0     00008499  SysCtl_setClock                
0     00008560  SysCtl_isPLLValid              
0     00008620  fputs                          
0     000086b5  puts                           
0     000086c8  __TI_writemsg                  
0     0000871b  C$$IO$$                        
0     00008720  __TI_readmsg                   
0     0000875d  setvbuf                        
0     0000887a  __TI_doflush                   
0     000088a9  fflush                         
0     000088ed  open                           
0     0000895e  __TI_wrt_ok                    
0     00008998  __TI_rd_ok                     
0     000089c3  HOSTlseek                      
0     00008a24  SysCtl_getClock                
0     00008a82  __TI_closefile                 
0     00008ac6  fclose                         
0     00008adf  GPIO_setPadConfig              
0     00008b31  Device_init                    
0     00008b82  finddevice                     
0     00008b9d  getdevice                      
0     00008bd3  SysCtl_selectOscSource         
0     00008c1d  main                           
0     00008c60  HOSTrename                     
0     00008c9e  Interrupt_initModule           
0     00008cdb  fseek                          
0     00008cdb  fseeko                         
0     00008d18  GPIO_setAnalogMode             
0     00008d53  HOSTopen                       
0     00008d8d  HOSTwrite                      
0     00008dc6  HOSTread                       
0     00008dfe  close                          
0     00008e31  GPIO_setDirectionMode          
0     00008e62  __TI_decompress_lzss           
0     00008e92  __TI_auto_init_nobinit_nopinit 
0     00008ebd  C$$EXIT                        
0     00008ebd  abort                          
0     00008ebf  exit                           
0     00008ee6  HOSTclose                      
0     00008f5a  SysCtl_selectXTAL              
0     00008f7e  HOSTunlink                     
0     00008fc1  Interrupt_initVectorTable      
0     00009000  memcpy                         
0     0000901d  SysCtl_getLowSpeedClock        
0     00009037  SysCtl_selectXTALSingleEnded   
0     00009051  remove                         
0     00009051  unlink                         
0     0000906a  write                          
0     00009083  lseek                          
0     000090f7  _c_int00                       
0     0000917b  strncpy                        
0     00009204  Device_initGPIO                
0     0000924b  __TI_zero_init_nomemset        
0     00009258  memchr                         
0     00009265  _args_main                     
0     00009271  strchr                         
0     00009288  strcmp                         
0     00009292  _register_unlock               
0     00009296  _register_lock                 
0     0000929a  _nop                           
0     000092a3  __TI_decompress_none           
0     000092b3  strlen                         
0     000092c2  __error__                      
0     000092c9  memset                         
0     000092d0  strcpy                         
0     000092d5  _system_pre_init               
0     000092d7  _system_post_cinit             
1     00000400  __stack                        
1     000007f8  __TI_STACK_END                 
1     0000a800  _sys_memory                    
1     0000abe8  __CIOBUF_                      
1     0000ad08  __TI_tmpnams                   
1     0000ada8  parmbuf                        
1     0000adb2  _ftable                        
1     0000ae2a  _device                        
1     0000ae72  _stream                        
1     0000ae9a  __TI_enable_exit_profile_output
1     0000ae9c  __TI_cleanup_ptr               
1     0000ae9e  __TI_dtors_ptr                 
1     0000aea0  _lock                          
1     0000aea2  _unlock                        
1     0000aea4  __TI_ft_end                    
abs   00000200  __TI_SYSMEM_SIZE               
abs   000003f8  __TI_STACK_SIZE                
abs   ffffffff  __TI_pprof_out_hndl            
abs   ffffffff  __TI_prof_data_size            
abs   ffffffff  __TI_prof_data_start           
n/a   UNDEFED   __c_args__                     

[109 symbols]
